Component: ARM Compiler 5.06 update 7 (build 960) Tool: armlink [4d3601]

==============================================================================

Section Cross References

    startup_stm32f407xx.o(STACK) refers (Special) to heapauxi.o(.text) for __use_two_region_memory
    startup_stm32f407xx.o(HEAP) refers (Special) to heapauxi.o(.text) for __use_two_region_memory
    startup_stm32f407xx.o(RESET) refers (Special) to heapauxi.o(.text) for __use_two_region_memory
    startup_stm32f407xx.o(RESET) refers to startup_stm32f407xx.o(STACK) for __initial_sp
    startup_stm32f407xx.o(RESET) refers to startup_stm32f407xx.o(.text) for Reset_Handler
    startup_stm32f407xx.o(RESET) refers to stm32f4xx_it.o(i.NMI_Handler) for NMI_Handler
    startup_stm32f407xx.o(RESET) refers to stm32f4xx_it.o(i.HardFault_Handler) for HardFault_Handler
    startup_stm32f407xx.o(RESET) refers to stm32f4xx_it.o(i.MemManage_Handler) for MemManage_Handler
    startup_stm32f407xx.o(RESET) refers to stm32f4xx_it.o(i.BusFault_Handler) for BusFault_Handler
    startup_stm32f407xx.o(RESET) refers to stm32f4xx_it.o(i.UsageFault_Handler) for UsageFault_Handler
    startup_stm32f407xx.o(RESET) refers to stm32f4xx_it.o(i.SVC_Handler) for SVC_Handler
    startup_stm32f407xx.o(RESET) refers to stm32f4xx_it.o(i.DebugMon_Handler) for DebugMon_Handler
    startup_stm32f407xx.o(RESET) refers to stm32f4xx_it.o(i.PendSV_Handler) for PendSV_Handler
    startup_stm32f407xx.o(RESET) refers to stm32f4xx_it.o(i.SysTick_Handler) for SysTick_Handler
    startup_stm32f407xx.o(RESET) refers to stm32f4xx_it.o(i.USART1_IRQHandler) for USART1_IRQHandler
    startup_stm32f407xx.o(RESET) refers to stm32f4xx_it.o(i.TIM6_DAC_IRQHandler) for TIM6_DAC_IRQHandler
    startup_stm32f407xx.o(.text) refers (Special) to heapauxi.o(.text) for __use_two_region_memory
    startup_stm32f407xx.o(.text) refers to system_stm32f4xx.o(i.SystemInit) for SystemInit
    startup_stm32f407xx.o(.text) refers to __main.o(!!!main) for __main
    startup_stm32f407xx.o(.text) refers to startup_stm32f407xx.o(HEAP) for Heap_Mem
    startup_stm32f407xx.o(.text) refers to startup_stm32f407xx.o(STACK) for Stack_Mem
    main.o(i.HAL_UART_RxCpltCallback) refers to main.o(i.process) for process
    main.o(i.HAL_UART_RxCpltCallback) refers to stm32f4xx_hal_uart.o(i.HAL_UART_Receive_IT) for HAL_UART_Receive_IT
    main.o(i.HAL_UART_RxCpltCallback) refers to usart.o(.bss) for huart1
    main.o(i.HAL_UART_RxCpltCallback) refers to main.o(.bss) for .bss
    main.o(i.HAL_UART_RxCpltCallback) refers to main.o(.data) for .data
    main.o(i.PWM_Position_PID) refers to main.o(.data) for .data
    main.o(i.Send_Speed_Data) refers to _printf_percent.o(.ARM.Collect$$_printf_percent$$00000000) for _printf_percent
    main.o(i.Send_Speed_Data) refers to _printf_f.o(.ARM.Collect$$_printf_percent$$00000003) for _printf_f
    main.o(i.Send_Speed_Data) refers to printf1.o(x$fpl$printf1) for _printf_fp_dec
    main.o(i.Send_Speed_Data) refers to f2d.o(x$fpl$f2d) for __aeabi_f2d
    main.o(i.Send_Speed_Data) refers to __2sprintf.o(.text) for __2sprintf
    main.o(i.Send_Speed_Data) refers to stm32f4xx_hal_uart.o(i.HAL_UART_Transmit) for HAL_UART_Transmit
    main.o(i.SystemClock_Config) refers to rt_memclr_w.o(.text) for __aeabi_memclr4
    main.o(i.SystemClock_Config) refers to stm32f4xx_hal_rcc.o(i.HAL_RCC_OscConfig) for HAL_RCC_OscConfig
    main.o(i.SystemClock_Config) refers to stm32f4xx_hal_rcc.o(i.HAL_RCC_ClockConfig) for HAL_RCC_ClockConfig
    main.o(i.double_pid_controller) refers to main.o(i.outer_pid_controller) for outer_pid_controller
    main.o(i.double_pid_controller) refers to main.o(i.inner_pid_controller) for inner_pid_controller
    main.o(i.inner_pid_controller) refers to main.o(.data) for .data
    main.o(i.main) refers to stm32f4xx_hal_tim.o(i.HAL_TIM_Encoder_Start) for HAL_TIM_Encoder_Start
    main.o(i.main) refers to stm32f4xx_hal.o(i.HAL_Init) for HAL_Init
    main.o(i.main) refers to main.o(i.SystemClock_Config) for SystemClock_Config
    main.o(i.main) refers to gpio.o(i.MX_GPIO_Init) for MX_GPIO_Init
    main.o(i.main) refers to tim.o(i.MX_TIM14_Init) for MX_TIM14_Init
    main.o(i.main) refers to adc.o(i.MX_ADC1_Init) for MX_ADC1_Init
    main.o(i.main) refers to dac.o(i.MX_DAC_Init) for MX_DAC_Init
    main.o(i.main) refers to spi.o(i.MX_SPI2_Init) for MX_SPI2_Init
    main.o(i.main) refers to tim.o(i.MX_TIM5_Init) for MX_TIM5_Init
    main.o(i.main) refers to rtc.o(i.MX_RTC_Init) for MX_RTC_Init
    main.o(i.main) refers to usart.o(i.MX_USART1_UART_Init) for MX_USART1_UART_Init
    main.o(i.main) refers to tim.o(i.MX_TIM6_Init) for MX_TIM6_Init
    main.o(i.main) refers to oled.o(i.OLED_Init) for OLED_Init
    main.o(i.main) refers to stm32f4xx_hal_tim.o(i.HAL_TIM_Base_Start) for HAL_TIM_Base_Start
    main.o(i.main) refers to stm32f4xx_hal_tim.o(i.HAL_TIM_PWM_Start) for HAL_TIM_PWM_Start
    main.o(i.main) refers to stm32f4xx_hal_dac.o(i.HAL_DAC_Start) for HAL_DAC_Start
[...]
    _scanf_wctomb                             - Undefined Weak Reference
    _scanf_wstring                            - Undefined Weak Reference
    _signal_finish                            - Undefined Weak Reference
    _signal_init                              - Undefined Weak Reference
    _terminate_alloc                          - Undefined Weak Reference
    _terminate_user_alloc                     - Undefined Weak Reference
    _terminateio                              - Undefined Weak Reference
    __Vectors_Size                           0x00000188   Number         0  startup_stm32f407xx.o ABSOLUTE
    __Vectors                                0x08000000   Data           4  startup_stm32f407xx.o(RESET)
    __Vectors_End                            0x08000188   Data           0  startup_stm32f407xx.o(RESET)
    __main                                   0x08000189   Thumb Code     8  __main.o(!!!main)
    __scatterload                            0x08000191   Thumb Code     0  __scatter.o(!!!scatter)
    __scatterload_rt2                        0x08000191   Thumb Code    44  __scatter.o(!!!scatter)
    __scatterload_rt2_thumb_only             0x08000191   Thumb Code     0  __scatter.o(!!!scatter)
    __scatterload_null                       0x0800019f   Thumb Code     0  __scatter.o(!!!scatter)
    __scatterload_copy                       0x080001c5   Thumb Code    26  __scatter_copy.o(!!handler_copy)
    __scatterload_zeroinit                   0x080001e1   Thumb Code    28  __scatter_zi.o(!!handler_zi)
    _printf_f                                0x080001fd   Thumb Code     0  _printf_f.o(.ARM.Collect$$_printf_percent$$00000003)
    _printf_percent                          0x080001fd   Thumb Code     0  _printf_percent.o(.ARM.Collect$$_printf_percent$$00000000)
    _printf_percent_end                      0x08000203   Thumb Code     0  _printf_percent_end.o(.ARM.Collect$$_printf_percent$$00000017)
    __rt_lib_init                            0x08000207   Thumb Code     0  libinit.o(.ARM.Collect$$libinit$$00000000)
    __rt_lib_init_fp_1                       0x08000209   Thumb Code     0  libinit2.o(.ARM.Collect$$libinit$$00000001)
    __rt_lib_init_heap_1                     0x0800020d   Thumb Code     0  libinit2.o(.ARM.Collect$$libinit$$0000000A)
    __rt_lib_init_lc_common                  0x0800020d   Thumb Code     0  libinit2.o(.ARM.Collect$$libinit$$0000000F)
    __rt_lib_init_preinit_1                  0x0800020d   Thumb Code     0  libinit2.o(.ARM.Collect$$libinit$$00000004)
    __rt_lib_init_rand_1                     0x0800020d   Thumb Code     0  libinit2.o(.ARM.Collect$$libinit$$0000000E)
    __rt_lib_init_user_alloc_1               0x0800020d   Thumb Code     0  libinit2.o(.ARM.Collect$$libinit$$0000000C)
    __rt_lib_init_lc_collate_1               0x08000213   Thumb Code     0  libinit2.o(.ARM.Collect$$libinit$$00000011)
    __rt_lib_init_lc_ctype_2                 0x08000213   Thumb Code     0  libinit2.o(.ARM.Collect$$libinit$$00000012)
    __rt_lib_init_lc_ctype_1                 0x0800021f   Thumb Code     0  libinit2.o(.ARM.Collect$$libinit$$00000013)
    __rt_lib_init_lc_monetary_1              0x0800021f   Thumb Code     0  libinit2.o(.ARM.Collect$$libinit$$00000015)
    __rt_lib_init_lc_numeric_2               0x0800021f   Thumb Code     0  libinit2.o(.ARM.Collect$$libinit$$00000016)
    __rt_lib_init_alloca_1                   0x08000229   Thumb Code     0  libinit2.o(.ARM.Collect$$libinit$$0000002E)
    __rt_lib_init_argv_1                     0x08000229   Thumb Code     0  libinit2.o(.ARM.Collect$$libinit$$0000002C)
    __rt_lib_init_atexit_1                   0x08000229   Thumb Code     0  libinit2.o(.ARM.Collect$$libinit$$0000001B)
    __rt_lib_init_clock_1                    0x08000229   Thumb Code     0  libinit2.o(.ARM.Collect$$libinit$$00000021)
    __rt_lib_init_cpp_1                      0x08000229   Thumb Code     0  libinit2.o(.ARM.Collect$$libinit$$00000032)
    __rt_lib_init_exceptions_1               0x08000229   Thumb Code     0  libinit2.o(.ARM.Collect$$libinit$$00000030)
    __rt_lib_init_fp_trap_1                  0x08000229   Thumb Code     0  libinit2.o(.ARM.Collect$$libinit$$0000001F)
    __rt_lib_init_getenv_1                   0x08000229   Thumb Code     0  libinit2.o(.ARM.Collect$$libinit$$00000023)
    __rt_lib_init_lc_numeric_1               0x08000229   Thumb Code     0  libinit2.o(.ARM.Collect$$libinit$$00000017)
    __rt_lib_init_lc_time_1                  0x08000229   Thumb Code     0  libinit2.o(.ARM.Collect$$libinit$$00000019)
    __rt_lib_init_return                     0x08000229   Thumb Code     0  libinit2.o(.ARM.Collect$$libinit$$00000033)
    __rt_lib_init_signal_1                   0x08000229   Thumb Code     0  libinit2.o(.ARM.Collect$$libinit$$0000001D)
    __rt_lib_init_stdio_1                    0x08000229   Thumb Code     0  libinit2.o(.ARM.Collect$$libinit$$00000025)
    __rt_lib_shutdown                        0x0800022b   Thumb Code     0  libshutdown.o(.ARM.Collect$$libshutdown$$00000000)
    __rt_lib_shutdown_cpp_1                  0x0800022d   Thumb Code     0  libshutdown2.o(.ARM.Collect$$libshutdown$$00000004)
    __rt_lib_shutdown_fini_1                 0x0800022d   Thumb Code     0  libshutdown2.o(.ARM.Collect$$libshutdown$$00000002)
    __rt_lib_shutdown_fp_trap_1              0x0800022d   Thumb Code     0  libshutdown2.o(.ARM.Collect$$libshutdown$$00000009)
    __rt_lib_shutdown_heap_1                 0x0800022d   Thumb Code     0  libshutdown2.o(.ARM.Collect$$libshutdown$$00000011)
    __rt_lib_shutdown_return                 0x0800022d   Thumb Code     0  libshutdown2.o(.ARM.Collect$$libshutdown$$00000012)
    __rt_lib_shutdown_signal_1               0x0800022d   Thumb Code     0  libshutdown2.o(.ARM.Collect$$libshutdown$$0000000C)
    __rt_lib_shutdown_stdio_1                0x0800022d   Thumb Code     0  libshutdown2.o(.ARM.Collect$$libshutdown$$00000006)
    __rt_lib_shutdown_user_alloc_1           0x0800022d   Thumb Code     0  libshutdown2.o(.ARM.Collect$$libshutdown$$0000000E)
    __rt_entry                               0x0800022f   Thumb Code     0  __rtentry.o(.ARM.Collect$$rtentry$$00000000)
    __rt_entry_presh_1                       0x0800022f   Thumb Code     0  __rtentry2.o(.ARM.Collect$$rtentry$$00000002)
    __rt_entry_sh                            0x0800022f   Thumb Code     0  __rtentry4.o(.ARM.Collect$$rtentry$$00000004)
    __rt_entry_li                            0x08000235   Thumb Code     0  __rtentry2.o(.ARM.Collect$$rtentry$$0000000A)
    __rt_entry_postsh_1                      0x08000235   Thumb Code     0  __rtentry2.o(.ARM.Collect$$rtentry$$00000009)
    __rt_entry_main                          0x08000239   Thumb Code     0  __rtentry2.o(.ARM.Collect$$rtentry$$0000000D)
    __rt_entry_postli_1                      0x08000239   Thumb Code     0  __rtentry2.o(.ARM.Collect$$rtentry$$0000000C)
    __rt_exit                                0x08000241   Thumb Code     0  rtexit.o(.ARM.Collect$$rtexit$$00000000)
    __rt_exit_ls                             0x08000243   Thumb Code     0  rtexit2.o(.ARM.Collect$$rtexit$$00000003)
    __rt_exit_prels_1                        0x08000243   Thumb Code     0  rtexit2.o(.ARM.Collect$$rtexit$$00000002)
    __rt_exit_exit                           0x08000247   Thumb Code     0  rtexit2.o(.ARM.Collect$$rtexit$$00000004)
    Reset_Handler                            0x0800024d   Thumb Code     8  startup_stm32f407xx.o(.text)
    ADC_IRQHandler                           0x08000267   Thumb Code     0  startup_stm32f407xx.o(.text)
    CAN1_RX0_IRQHandler                      0x08000267   Thumb Code     0  startup_stm32f407xx.o(.text)
    CAN1_RX1_IRQHandler                      0x08000267   Thumb Code     0  startup_stm32f407xx.o(.text)
    CAN1_SCE_IRQHandler                      0x08000267   Thumb Code     0  startup_stm32f407xx.o(.text)
    CAN1_TX_IRQHandler                       0x08000267   Thumb Code     0  startup_stm32f407xx.o(.text)
    CAN2_RX0_IRQHandler                      0x08000267   Thumb Code     0  startup_stm32f407xx.o(.text)
    CAN2_RX1_IRQHandler                      0x08000267   Thumb Code     0  startup_stm32f407xx.o(.text)
    CAN2_SCE_IRQHandler                      0x08000267   Thumb Code     0  startup_stm32f407xx.o(.text)
    CAN2_TX_IRQHandler                       0x08000267   Thumb Code     0  startup_stm32f407xx.o(.text)
    DCMI_IRQHandler                          0x08000267   Thumb Code     0  startup_stm32f407xx.o(.text)
    DMA1_Stream0_IRQHandler                  0x08000267   Thumb Code     0  startup_stm32f407xx.o(.text)
    DMA1_Stream1_IRQHandler                  0x08000267   Thumb Code     0  startup_stm32f407xx.o(.text)
    DMA1_Stream2_IRQHandler                  0x08000267   Thumb Code     0  startup_stm32f407xx.o(.text)
    DMA1_Stream3_IRQHandler                  0x08000267   Thumb Code     0  startup_stm32f407xx.o(.text)
    DMA1_Stream4_IRQHandler                  0x08000267   Thumb Code     0  startup_stm32f407xx.o(.text)
    DMA1_Stream5_IRQHandler                  0x08000267   Thumb Code     0  startup_stm32f407xx.o(.text)
    DMA1_Stream6_IRQHandler                  0x08000267   Thumb Code     0  startup_stm32f407xx.o(.text)
    DMA1_Stream7_IRQHandler                  0x08000267   Thumb Code     0  startup_stm32f407xx.o(.text)
    DMA2_Stream0_IRQHandler                  0x08000267   Thumb Code     0  startup_stm32f407xx.o(.text)
    DMA2_Stream1_IRQHandler                  0x08000267   Thumb Code     0  startup_stm32f407xx.o(.text)
    DMA2_Stream2_IRQHandler                  0x08000267   Thumb Code     0  startup_stm32f407xx.o(.text)
    DMA2_Stream3_IRQHandler                  0x08000267   Thumb Code     0  startup_stm32f407xx.o(.text)
    DMA2_Stream4_IRQHandler                  0x08000267   Thumb Code     0  startup_stm32f407xx.o(.text)
    DMA2_Stream5_IRQHandler                  0x08000267   Thumb Code     0  startup_stm32f407xx.o(.text)
    DMA2_Stream6_IRQHandler                  0x08000267   Thumb Code     0  startup_stm32f407xx.o(.text)
    DMA2_Stream7_IRQHandler                  0x08000267   Thumb Code     0  startup_stm32f407xx.o(.text)
    ETH_IRQHandler                           0x08000267   Thumb Code     0  startup_stm32f407xx.o(.text)
    ETH_WKUP_IRQHandler                      0x08000267   Thumb Code     0  startup_stm32f407xx.o(.text)
    EXTI0_IRQHandler                         0x08000267   Thumb Code     0  startup_stm32f407xx.o(.text)
    EXTI15_10_IRQHandler                     0x08000267   Thumb Code     0  startup_stm32f407xx.o(.text)
    EXTI1_IRQHandler                         0x08000267   Thumb Code     0  startup_stm32f407xx.o(.text)
    EXTI2_IRQHandler                         0x08000267   Thumb Code     0  startup_stm32f407xx.o(.text)
    EXTI3_IRQHandler                         0x08000267   Thumb Code     0  startup_stm32f407xx.o(.text)
    EXTI4_IRQHandler                         0x08000267   Thumb Code     0  startup_stm32f407xx.o(.text)
    EXTI9_5_IRQHandler                       0x08000267   Thumb Code     0  startup_stm32f407xx.o(.text)
    FLASH_IRQHandler                         0x08000267   Thumb Code     0  startup_stm32f407xx.o(.text)
    FMC_IRQHandler                           0x08000267   Thumb Code     0  startup_stm32f407xx.o(.text)
    FPU_IRQHandler                           0x08000267   Thumb Code     0  startup_stm32f407xx.o(.text)
    HASH_RNG_IRQHandler                      0x08000267   Thumb Code     0  startup_stm32f407xx.o(.text)
    I2C1_ER_IRQHandler                       0x08000267   Thumb Code     0  startup_stm32f407xx.o(.text)
    I2C1_EV_IRQHandler                       0x08000267   Thumb Code     0  startup_stm32f407xx.o(.text)
    I2C2_ER_IRQHandler                       0x08000267   Thumb Code     0  startup_stm32f407xx.o(.text)
    I2C2_EV_IRQHandler                       0x08000267   Thumb Code     0  startup_stm32f407xx.o(.text)
    I2C3_ER_IRQHandler                       0x08000267   Thumb Code     0  startup_stm32f407xx.o(.text)
    I2C3_EV_IRQHandler                       0x08000267   Thumb Code     0  startup_stm32f407xx.o(.text)
    OTG_FS_IRQHandler                        0x08000267   Thumb Code     0  startup_stm32f407xx.o(.text)
    OTG_FS_WKUP_IRQHandler                   0x08000267   Thumb Code     0  startup_stm32f407xx.o(.text)
    OTG_HS_EP1_IN_IRQHandler                 0x08000267   Thumb Code     0  startup_stm32f407xx.o(.text)
    OTG_HS_EP1_OUT_IRQHandler                0x08000267   Thumb Code     0  startup_stm32f407xx.o(.text)
    OTG_HS_IRQHandler                        0x08000267   Thumb Code     0  startup_stm32f407xx.o(.text)
    OTG_HS_WKUP_IRQHandler                   0x08000267   Thumb Code     0  startup_stm32f407xx.o(.text)
    PVD_IRQHandler                           0x08000267   Thumb Code     0  startup_stm32f407xx.o(.text)
    RCC_IRQHandler                           0x08000267   Thumb Code     0  startup_stm32f407xx.o(.text)
    RTC_Alarm_IRQHandler                     0x08000267   Thumb Code     0  startup_stm32f407xx.o(.text)
    RTC_WKUP_IRQHandler                      0x08000267   Thumb Code     0  startup_stm32f407xx.o(.text)
    SDIO_IRQHandler                          0x08000267   Thumb Code     0  startup_stm32f407xx.o(.text)
    SPI1_IRQHandler                          0x08000267   Thumb Code     0  startup_stm32f407xx.o(.text)
    SPI2_IRQHandler                          0x08000267   Thumb Code     0  startup_stm32f407xx.o(.text)
    SPI3_IRQHandler                          0x08000267   Thumb Code     0  startup_stm32f407xx.o(.text)
    TAMP_STAMP_IRQHandler                    0x08000267   Thumb Code     0  startup_stm32f407xx.o(.text)
    TIM1_BRK_TIM9_IRQHandler                 0x08000267   Thumb Code     0  startup_stm32f407xx.o(.text)
    TIM1_CC_IRQHandler                       0x08000267   Thumb Code     0  startup_stm32f407xx.o(.text)
    TIM1_TRG_COM_TIM11_IRQHandler            0x08000267   Thumb Code     0  startup_stm32f407xx.o(.text)
    TIM1_UP_TIM10_IRQHandler                 0x08000267   Thumb Code     0  startup_stm32f407xx.o(.text)
    TIM2_IRQHandler                          0x08000267   Thumb Code     0  startup_stm32f407xx.o(.text)
    TIM3_IRQHandler                          0x08000267   Thumb Code     0  startup_stm32f407xx.o(.text)
    TIM4_IRQHandler                          0x08000267   Thumb Code     0  startup_stm32f407xx.o(.text)
    TIM5_IRQHandler                          0x08000267   Thumb Code     0  startup_stm32f407xx.o(.text)
    TIM7_IRQHandler                          0x08000267   Thumb Code     0  startup_stm32f407xx.o(.text)
    TIM8_BRK_TIM12_IRQHandler                0x08000267   Thumb Code     0  startup_stm32f407xx.o(.text)
    TIM8_CC_IRQHandler                       0x08000267   Thumb Code     0  startup_stm32f407xx.o(.text)
    TIM8_TRG_COM_TIM14_IRQHandler            0x08000267   Thumb Code     0  startup_stm32f407xx.o(.text)
    TIM8_UP_TIM13_IRQHandler                 0x08000267   Thumb Code     0  startup_stm32f407xx.o(.text)
    UART4_IRQHandler                         0x08000267   Thumb Code     0  startup_stm32f407xx.o(.text)
    UART5_IRQHandler                         0x08000267   Thumb Code     0  startup_stm32f407xx.o(.text)
    USART2_IRQHandler                        0x08000267   Thumb Code     0  startup_stm32f407xx.o(.text)
    USART3_IRQHandler                        0x08000267   Thumb Code     0  startup_stm32f407xx.o(.text)
    USART6_IRQHandler                        0x08000267   Thumb Code     0  startup_stm32f407xx.o(.text)
    WWDG_IRQHandler                          0x08000267   Thumb Code     0  startup_stm32f407xx.o(.text)
    __user_initial_stackheap                 0x08000269   Thumb Code     0  startup_stm32f407xx.o(.text)
    __aeabi_uldivmod                         0x0800028d   Thumb Code     0  lludivv7m.o(.text)
    _ll_udiv                                 0x0800028d   Thumb Code   238  lludivv7m.o(.text)
    __2sprintf                               0x0800037d   Thumb Code    38  __2sprintf.o(.text)
    __printf                                 0x080003a9   Thumb Code   104  __printf.o(.text)
    __0sscanf                                0x08000411   Thumb Code    52  __0sscanf.o(.text)
    __aeabi_memclr4                          0x0800044d   Thumb Code     0  rt_memclr_w.o(.text)
    __aeabi_memclr8                          0x0800044d   Thumb Code     0  rt_memclr_w.o(.text)
    __rt_memclr_w                            0x0800044d   Thumb Code    78  rt_memclr_w.o(.text)
    _memset_w                                0x08000451   Thumb Code     0  rt_memclr_w.o(.text)
    __use_two_region_memory                  0x0800049b   Thumb Code     2  heapauxi.o(.text)
    __rt_heap_escrow$2region                 0x0800049d   Thumb Code     2  heapauxi.o(.text)
    __rt_heap_expand$2region                 0x0800049f   Thumb Code     2  heapauxi.o(.text)
    __lib_sel_fp_printf                      0x080004a1   Thumb Code     2  _printf_fp_dec.o(.text)
    _printf_fp_dec_real                      0x08000653   Thumb Code   620  _printf_fp_dec.o(.text)
    _printf_char_common                      0x080008cb   Thumb Code    32  _printf_char_common.o(.text)
    _sputc                                   0x080008f1   Thumb Code    10  _sputc.o(.text)
    _scanf_really_real                       0x08000b49   Thumb Code   684  scanf_fp.o(.text)
    __vfscanf_char                           0x08000e01   Thumb Code    24  scanf_char.o(.text)
    _sgetc                                   0x08000e21   Thumb Code    30  _sgetc.o(.text)
    _sbackspace                              0x08000e3f   Thumb Code    34  _sgetc.o(.text)
    __rt_locale                              0x08000e61   Thumb Code     8  rt_locale_intlibspace.o(.text)
    __aeabi_errno_addr                       0x08000e69   Thumb Code     8  rt_errno_addr_intlibspace.o(.text)
    __errno$intlibspace                      0x08000e69   Thumb Code     0  rt_errno_addr_intlibspace.o(.text)
    __rt_errno_addr$intlibspace              0x08000e69   Thumb Code     0  rt_errno_addr_intlibspace.o(.text)
    _ll_udiv10                               0x08000e71   Thumb Code   138  lludiv10.o(.text)
    isspace                                  0x08000efb   Thumb Code    18  isspace.o(.text)
    _printf_fp_infnan                        0x08000f0d   Thumb Code   112  _printf_fp_infnan.o(.text)
    __vfscanf                                0x08000f8d   Thumb Code   880  _scanf.o(.text)
    _btod_etento                             0x08001301   Thumb Code   224  bigflt0.o(.text)
    __user_libspace                          0x080013e5   Thumb Code     8  libspace.o(.text)
    __user_perproc_libspace                  0x080013e5   Thumb Code     0  libspace.o(.text)
    __user_perthread_libspace                0x080013e5   Thumb Code     0  libspace.o(.text)
    __user_setup_stackheap                   0x080013ed   Thumb Code    74  sys_stackheap_outer.o(.text)
    __rt_ctype_table                         0x08001439   Thumb Code    16  rt_ctype_table.o(.text)
    __read_errno                             0x08001449   Thumb Code    10  _rserrno.o(.text)
    __set_errno                              0x08001453   Thumb Code    12  _rserrno.o(.text)
    _scanf_really_hex_real                   0x08001461   Thumb Code   786  scanf_hexfp.o(.text)
    _scanf_really_infnan                     0x08001781   Thumb Code   292  scanf_infnan.o(.text)
    exit                                     0x080018b5   Thumb Code    18  exit.o(.text)
    strcmp                                   0x080018c9   Thumb Code   128  strcmpv7m.o(.text)
    __aeabi_llsl                             0x08001949   Thumb Code     0  llshl.o(.text)
    _ll_shift_l                              0x08001949   Thumb Code    38  llshl.o(.text)
    _chval                                   0x0800196f   Thumb Code    28  _chval.o(.text)
    _sys_exit                                0x0800198d   Thumb Code     8  sys_exit.o(.text)
    __I$use$semihosting                      0x08001999   Thumb Code     0  use_no_semi.o(.text)
    __use_no_semihosting_swi                 0x08001999   Thumb Code     2  use_no_semi.o(.text)
    __semihosting_library_function           0x0800199b   Thumb Code     0  indicate_semi.o(.text)
    _btod_d2e                                0x0800199b   Thumb Code    62  btod.o(CL$$btod_d2e)
    _d2e_denorm_low                          0x080019d9   Thumb Code    70  btod.o(CL$$btod_d2e_denorm_low)
    _d2e_norm_op1                            0x08001a1f   Thumb Code    96  btod.o(CL$$btod_d2e_norm_op1)
    __btod_div_common                        0x08001a7f   Thumb Code   696  btod.o(CL$$btod_div_common)
    _e2d                                     0x08001db9   Thumb Code   122  btod.o(CL$$btod_e2d)
    _e2e                                     0x08001e3d   Thumb Code   220  btod.o(CL$$btod_e2e)
    _btod_ediv                               0x08001f19   Thumb Code    42  btod.o(CL$$btod_ediv)
    _btod_edivd                              0x08001f43   Thumb Code    42  btod.o(CL$$btod_edivd)
    _btod_emul                               0x08001f6d   Thumb Code    42  btod.o(CL$$btod_emul)
    _btod_emuld                              0x08001f97   Thumb Code    42  btod.o(CL$$btod_emuld)
    __btod_mult_common                       0x08001fc1   Thumb Code   580  btod.o(CL$$btod_mult_common)
    BusFault_Handler                         0x0800232d   Thumb Code     2  stm32f4xx_it.o(i.BusFault_Handler)
    DebugMon_Handler                         0x0800232f   Thumb Code     2  stm32f4xx_it.o(i.DebugMon_Handler)
    Display_0                                0x08002331   Thumb Code   156  dig.o(i.Display_0)
    Display_1                                0x080023dd   Thumb Code   156  dig.o(i.Display_1)
    Display_2                                0x08002489   Thumb Code   156  dig.o(i.Display_2)
    Display_3                                0x08002535   Thumb Code   156  dig.o(i.Display_3)
    Display_4                                0x080025e1   Thumb Code   156  dig.o(i.Display_4)
    Display_5                                0x0800268d   Thumb Code   156  dig.o(i.Display_5)
    Display_6                                0x08002739   Thumb Code   156  dig.o(i.Display_6)
    Display_7                                0x080027e5   Thumb Code   156  dig.o(i.Display_7)
    Display_8                                0x08002891   Thumb Code   156  dig.o(i.Display_8)
    Error_Handler                            0x0800293d   Thumb Code     4  main.o(i.Error_Handler)
    Find_Max                                 0x08002941   Thumb Code    26  encoder.o(i.Find_Max)
    Find_Min                                 0x0800295d   Thumb Code    26  encoder.o(i.Find_Min)
    Get_AveV                                 0x08002979   Thumb Code    44  encoder.o(i.Get_AveV)
    HAL_ADC_ConfigChannel                    0x080029ad   Thumb Code   316  stm32f4xx_hal_adc.o(i.HAL_ADC_ConfigChannel)
    HAL_ADC_Init                             0x08002af9   Thumb Code    84  stm32f4xx_hal_adc.o(i.HAL_ADC_Init)
    HAL_ADC_MspInit                          0x08002b4d   Thumb Code    84  adc.o(i.HAL_ADC_MspInit)
    HAL_DACEx_DMAUnderrunCallbackCh2         0x08002bad   Thumb Code     2  stm32f4xx_hal_dac_ex.o(i.HAL_DACEx_DMAUnderrunCallbackCh2)
    HAL_DAC_ConfigChannel                    0x08002baf   Thumb Code    78  stm32f4xx_hal_dac.o(i.HAL_DAC_ConfigChannel)
    HAL_DAC_DMAUnderrunCallbackCh1           0x08002bfd   Thumb Code     2  stm32f4xx_hal_dac.o(i.HAL_DAC_DMAUnderrunCallbackCh1)
    HAL_DAC_IRQHandler                       0x08002bff   Thumb Code   104  stm32f4xx_hal_dac.o(i.HAL_DAC_IRQHandler)
    HAL_DAC_Init                             0x08002c67   Thumb Code    40  stm32f4xx_hal_dac.o(i.HAL_DAC_Init)
    HAL_DAC_MspInit                          0x08002c91   Thumb Code   100  dac.o(i.HAL_DAC_MspInit)
    HAL_DAC_SetValue                         0x08002d01   Thumb Code    34  stm32f4xx_hal_dac.o(i.HAL_DAC_SetValue)
    HAL_DAC_Start                            0x08002d23   Thumb Code    98  stm32f4xx_hal_dac.o(i.HAL_DAC_Start)
    HAL_DMA_Abort                            0x08002d85   Thumb Code   146  stm32f4xx_hal_dma.o(i.HAL_DMA_Abort)
    HAL_DMA_Abort_IT                         0x08002e17   Thumb Code    36  stm32f4xx_hal_dma.o(i.HAL_DMA_Abort_IT)
    HAL_Delay                                0x08002e3d   Thumb Code    32  stm32f4xx_hal.o(i.HAL_Delay)
    HAL_GPIO_Init                            0x08002e61   Thumb Code   450  stm32f4xx_hal_gpio.o(i.HAL_GPIO_Init)
    HAL_GPIO_ReadPin                         0x08003051   Thumb Code    10  stm32f4xx_hal_gpio.o(i.HAL_GPIO_ReadPin)
    HAL_GPIO_WritePin                        0x0800305b   Thumb Code    10  stm32f4xx_hal_gpio.o(i.HAL_GPIO_WritePin)
    HAL_GetTick                              0x08003065   Thumb Code     6  stm32f4xx_hal.o(i.HAL_GetTick)
    HAL_IncTick                              0x08003071   Thumb Code    12  stm32f4xx_hal.o(i.HAL_IncTick)
    HAL_Init                                 0x08003081   Thumb Code    48  stm32f4xx_hal.o(i.HAL_Init)
    HAL_InitTick                             0x080030b5   Thumb Code    54  stm32f4xx_hal.o(i.HAL_InitTick)
    HAL_MspInit                              0x080030f5   Thumb Code    42  stm32f4xx_hal_msp.o(i.HAL_MspInit)
    HAL_NVIC_EnableIRQ                       0x08003125   Thumb Code    26  stm32f4xx_hal_cortex.o(i.HAL_NVIC_EnableIRQ)
    HAL_NVIC_SetPriority                     0x08003141   Thumb Code    60  stm32f4xx_hal_cortex.o(i.HAL_NVIC_SetPriority)
    HAL_NVIC_SetPriorityGrouping             0x08003181   Thumb Code    26  stm32f4xx_hal_cortex.o(i.HAL_NVIC_SetPriorityGrouping)
    HAL_RCCEx_PeriphCLKConfig                0x080031a5   Thumb Code   296  stm32f4xx_hal_rcc_ex.o(i.HAL_RCCEx_PeriphCLKConfig)
    HAL_RCC_ClockConfig                      0x080032e1   Thumb Code   288  stm32f4xx_hal_rcc.o(i.HAL_RCC_ClockConfig)
    HAL_RCC_GetPCLK1Freq                     0x08003415   Thumb Code    20  stm32f4xx_hal_rcc.o(i.HAL_RCC_GetPCLK1Freq)
    HAL_RCC_GetPCLK2Freq                     0x08003435   Thumb Code    20  stm32f4xx_hal_rcc.o(i.HAL_RCC_GetPCLK2Freq)
    HAL_RCC_GetSysClockFreq                  0x08003455   Thumb Code    88  stm32f4xx_hal_rcc.o(i.HAL_RCC_GetSysClockFreq)
    HAL_RCC_OscConfig                        0x080034b9   Thumb Code   856  stm32f4xx_hal_rcc.o(i.HAL_RCC_OscConfig)
    HAL_RTCEx_SetWakeUpTimer                 0x08003825   Thumb Code   210  stm32f4xx_hal_rtc_ex.o(i.HAL_RTCEx_SetWakeUpTimer)
    HAL_RTC_Init                             0x080038f9   Thumb Code   150  stm32f4xx_hal_rtc.o(i.HAL_RTC_Init)
    HAL_RTC_MspInit                          0x08003995   Thumb Code    48  rtc.o(i.HAL_RTC_MspInit)
    HAL_RTC_SetDate                          0x080039cd   Thumb Code   146  stm32f4xx_hal_rtc.o(i.HAL_RTC_SetDate)
    HAL_RTC_SetTime                          0x08003a65   Thumb Code   186  stm32f4xx_hal_rtc.o(i.HAL_RTC_SetTime)
    HAL_RTC_WaitForSynchro                   0x08003b25   Thumb Code    50  stm32f4xx_hal_rtc.o(i.HAL_RTC_WaitForSynchro)
    HAL_SPI_Init                             0x08003b5d   Thumb Code   188  stm32f4xx_hal_spi.o(i.HAL_SPI_Init)
    HAL_SPI_MspInit                          0x08003c19   Thumb Code   130  spi.o(i.HAL_SPI_MspInit)
    HAL_SPI_Transmit                         0x08003cad   Thumb Code   358  stm32f4xx_hal_spi.o(i.HAL_SPI_Transmit)
    HAL_SYSTICK_Config                       0x08003e13   Thumb Code    40  stm32f4xx_hal_cortex.o(i.HAL_SYSTICK_Config)
    HAL_TIMEx_BreakCallback                  0x08003e3b   Thumb Code     2  stm32f4xx_hal_tim_ex.o(i.HAL_TIMEx_BreakCallback)
    HAL_TIMEx_CommutCallback                 0x08003e3d   Thumb Code     2  stm32f4xx_hal_tim_ex.o(i.HAL_TIMEx_CommutCallback)
    HAL_TIMEx_MasterConfigSynchronization    0x08003e41   Thumb Code   116  stm32f4xx_hal_tim_ex.o(i.HAL_TIMEx_MasterConfigSynchronization)
    HAL_TIM_Base_Init                        0x08003ed1   Thumb Code    90  stm32f4xx_hal_tim.o(i.HAL_TIM_Base_Init)
    HAL_TIM_Base_MspInit                     0x08003f2d   Thumb Code    72  tim.o(i.HAL_TIM_Base_MspInit)
    HAL_TIM_Base_Start                       0x08003f81   Thumb Code    90  stm32f4xx_hal_tim.o(i.HAL_TIM_Base_Start)
    HAL_TIM_Encoder_Init                     0x08003ff9   Thumb Code   164  stm32f4xx_hal_tim.o(i.HAL_TIM_Encoder_Init)
    HAL_TIM_Encoder_MspInit                  0x0800409d   Thumb Code    90  tim.o(i.HAL_TIM_Encoder_MspInit)
    HAL_TIM_Encoder_Start                    0x08004105   Thumb Code   142  stm32f4xx_hal_tim.o(i.HAL_TIM_Encoder_Start)
    HAL_TIM_IC_CaptureCallback               0x08004193   Thumb Code     2  stm32f4xx_hal_tim.o(i.HAL_TIM_IC_CaptureCallback)
    HAL_TIM_IRQHandler                       0x08004195   Thumb Code   304  stm32f4xx_hal_tim.o(i.HAL_TIM_IRQHandler)
    HAL_TIM_MspPostInit                      0x080042c5   Thumb Code    70  tim.o(i.HAL_TIM_MspPostInit)
    HAL_TIM_OC_DelayElapsedCallback          0x08004319   Thumb Code     2  stm32f4xx_hal_tim.o(i.HAL_TIM_OC_DelayElapsedCallback)
    HAL_TIM_PWM_ConfigChannel                0x0800431b   Thumb Code   204  stm32f4xx_hal_tim.o(i.HAL_TIM_PWM_ConfigChannel)
    HAL_TIM_PWM_Init                         0x080043e7   Thumb Code    90  stm32f4xx_hal_tim.o(i.HAL_TIM_PWM_Init)
    HAL_TIM_PWM_MspInit                      0x08004441   Thumb Code     2  stm32f4xx_hal_tim.o(i.HAL_TIM_PWM_MspInit)
    HAL_TIM_PWM_PulseFinishedCallback        0x08004443   Thumb Code     2  stm32f4xx_hal_tim.o(i.HAL_TIM_PWM_PulseFinishedCallback)
    HAL_TIM_PWM_Start                        0x08004445   Thumb Code   172  stm32f4xx_hal_tim.o(i.HAL_TIM_PWM_Start)
    HAL_TIM_PeriodElapsedCallback            0x0800450d   Thumb Code     2  stm32f4xx_hal_tim.o(i.HAL_TIM_PeriodElapsedCallback)
    HAL_TIM_TriggerCallback                  0x0800450f   Thumb Code     2  stm32f4xx_hal_tim.o(i.HAL_TIM_TriggerCallback)
    HAL_UARTEx_RxEventCallback               0x08004511   Thumb Code     2  stm32f4xx_hal_uart.o(i.HAL_UARTEx_RxEventCallback)
    HAL_UART_ErrorCallback                   0x08004513   Thumb Code     2  stm32f4xx_hal_uart.o(i.HAL_UART_ErrorCallback)
    HAL_UART_IRQHandler                      0x08004515   Thumb Code   618  stm32f4xx_hal_uart.o(i.HAL_UART_IRQHandler)
    HAL_UART_Init                            0x08004785   Thumb Code   100  stm32f4xx_hal_uart.o(i.HAL_UART_Init)
    HAL_UART_MspInit                         0x080047e9   Thumb Code   110  usart.o(i.HAL_UART_MspInit)
    HAL_UART_Receive_IT                      0x08004865   Thumb Code    28  stm32f4xx_hal_uart.o(i.HAL_UART_Receive_IT)
    HAL_UART_RxCpltCallback                  0x08004881   Thumb Code    64  main.o(i.HAL_UART_RxCpltCallback)
    HAL_UART_Transmit                        0x080048cd   Thumb Code   160  stm32f4xx_hal_uart.o(i.HAL_UART_Transmit)
    HAL_UART_TxCpltCallback                  0x0800496d   Thumb Code     2  stm32f4xx_hal_uart.o(i.HAL_UART_TxCpltCallback)
    HardFault_Handler                        0x0800496f   Thumb Code     2  stm32f4xx_it.o(i.HardFault_Handler)
    MX_ADC1_Init                             0x08004971   Thumb Code    84  adc.o(i.MX_ADC1_Init)
    MX_DAC_Init                              0x080049d1   Thumb Code    66  dac.o(i.MX_DAC_Init)
    MX_GPIO_Init                             0x08004a1d   Thumb Code   288  gpio.o(i.MX_GPIO_Init)
    MX_RTC_Init                              0x08004b51   Thumb Code   136  rtc.o(i.MX_RTC_Init)
    MX_SPI2_Init                             0x08004be1   Thumb Code    60  spi.o(i.MX_SPI2_Init)
    MX_TIM14_Init                            0x08004c25   Thumb Code    94  tim.o(i.MX_TIM14_Init)
    MX_TIM5_Init                             0x08004c8d   Thumb Code    98  tim.o(i.MX_TIM5_Init)
    MX_TIM6_Init                             0x08004cf9   Thumb Code    60  tim.o(i.MX_TIM6_Init)
    MX_USART1_UART_Init                      0x08004d3d   Thumb Code    48  usart.o(i.MX_USART1_UART_Init)
    MemManage_Handler                        0x08004d75   Thumb Code     2  stm32f4xx_it.o(i.MemManage_Handler)
    NMI_Handler                              0x08004d77   Thumb Code     2  stm32f4xx_it.o(i.NMI_Handler)
    OLED_Clear                               0x08004d79   Thumb Code    40  oled.o(i.OLED_Clear)
    OLED_Display_Motor_PercentageError       0x08004da5   Thumb Code    86  systemdisplay.o(i.OLED_Display_Motor_PercentageError)
    OLED_Display_Motor_RV                    0x08004e09   Thumb Code   230  systemdisplay.o(i.OLED_Display_Motor_RV)
    OLED_Display_Motor_RotationDirection     0x08004f05   Thumb Code    78  systemdisplay.o(i.OLED_Display_Motor_RotationDirection)
    OLED_Display_Motor_SettlingTime          0x08004f79   Thumb Code    74  systemdisplay.o(i.OLED_Display_Motor_SettlingTime)
    OLED_Display_PWM_COMPARE                 0x08004fd5   Thumb Code    64  systemdisplay.o(i.OLED_Display_PWM_COMPARE)
    OLED_Display_SystemDetail                0x0800501d   Thumb Code    88  systemdisplay.o(i.OLED_Display_SystemDetail)
    OLED_DrawPoint                           0x08005081   Thumb Code    40  oled.o(i.OLED_DrawPoint)
    OLED_Init                                0x080050ad   Thumb Code   262  oled.o(i.OLED_Init)
    OLED_Pow                                 0x080051b9   Thumb Code    16  oled.o(i.OLED_Pow)
    OLED_Refresh                             0x080051c9   Thumb Code    70  oled.o(i.OLED_Refresh)
    OLED_ShowChar                            0x08005215   Thumb Code   212  oled.o(i.OLED_ShowChar)
    OLED_ShowNum                             0x080052f9   Thumb Code   110  oled.o(i.OLED_ShowNum)
    OLED_ShowString                          0x08005367   Thumb Code    60  oled.o(i.OLED_ShowString)
    OLED_WR_Byte                             0x080053a5   Thumb Code    72  oled.o(i.OLED_WR_Byte)
    PWM_Position_PID                         0x080053f9   Thumb Code   116  main.o(i.PWM_Position_PID)
    PendSV_Handler                           0x08005479   Thumb Code     2  stm32f4xx_it.o(i.PendSV_Handler)
    RTC_ByteToBcd2                           0x0800547b   Thumb Code    22  stm32f4xx_hal_rtc.o(i.RTC_ByteToBcd2)
    RTC_EnterInitMode                        0x08005491   Thumb Code    72  stm32f4xx_hal_rtc.o(i.RTC_EnterInitMode)
    RTC_ExitInitMode                         0x080054d9   Thumb Code    42  stm32f4xx_hal_rtc.o(i.RTC_ExitInitMode)
    SVC_Handler                              0x08005629   Thumb Code     2  stm32f4xx_it.o(i.SVC_Handler)
    Send_Speed_Data                          0x0800562d   Thumb Code    76  main.o(i.Send_Speed_Data)
    SysTick_Handler                          0x08005681   Thumb Code     4  stm32f4xx_it.o(i.SysTick_Handler)
    SystemClock_Config                       0x08005685   Thumb Code   118  main.o(i.SystemClock_Config)
    SystemInit                               0x08005705   Thumb Code    12  system_stm32f4xx.o(i.SystemInit)
    TIM6_DAC_IRQHandler                      0x08005715   Thumb Code    18  stm32f4xx_it.o(i.TIM6_DAC_IRQHandler)
    TIM_Base_SetConfig                       0x08005731   Thumb Code   170  stm32f4xx_hal_tim.o(i.TIM_Base_SetConfig)
    TIM_CCxChannelCmd                        0x08005809   Thumb Code    26  stm32f4xx_hal_tim.o(i.TIM_CCxChannelCmd)
    TIM_OC2_SetConfig                        0x08005885   Thumb Code    98  stm32f4xx_hal_tim.o(i.TIM_OC2_SetConfig)
    ToggleDir1                               0x080059a9   Thumb Code    32  daad.o(i.ToggleDir1)
    ToggleDir2                               0x080059cd   Thumb Code    32  daad.o(i.ToggleDir2)
    Tv_Decrease                              0x080059f1   Thumb Code     4  pwmoutput.o(i.Tv_Decrease)
    Tv_Increase                              0x080059f5   Thumb Code     4  pwmoutput.o(i.Tv_Increase)
    UART_Start_Receive_IT                    0x08005c25   Thumb Code    54  stm32f4xx_hal_uart.o(i.UART_Start_Receive_IT)
    USART1_IRQHandler                        0x08005ccd   Thumb Code     6  stm32f4xx_it.o(i.USART1_IRQHandler)
    UsageFault_Handler                       0x08005cd9   Thumb Code     2  stm32f4xx_it.o(i.UsageFault_Handler)
    __ARM_fpclassify                         0x08005cdb   Thumb Code    48  fpclassify.o(i.__ARM_fpclassify)
    __hardfp___mathlib_tofloat               0x08005d31   Thumb Code   232  narrow.o(i.__hardfp___mathlib_tofloat)
    __hardfp_ldexp                           0x08005e29   Thumb Code   200  ldexp.o(i.__hardfp_ldexp)
    __mathlib_dbl_overflow                   0x08005ef9   Thumb Code    24  dunder.o(i.__mathlib_dbl_overflow)
    __mathlib_dbl_underflow                  0x08005f19   Thumb Code    24  dunder.o(i.__mathlib_dbl_underflow)
    __mathlib_narrow                         0x08005f39   Thumb Code    18  narrow.o(i.__mathlib_narrow)
    __support_ldexp                          0x08005f4b   Thumb Code    20  ldexp.o(i.__support_ldexp)
    _is_digit                                0x08005f5f   Thumb Code    14  __printf_wp.o(i._is_digit)
    frexp                                    0x08005f71   Thumb Code   118  frexp.o(i.frexp)
    main                                     0x08005ffd   Thumb Code   830  main.o(i.main)
    process                                  0x08006371   Thumb Code    48  main.o(i.process)
    _get_lc_numeric                          0x080063c1   Thumb Code    44  lc_numeric_c.o(locale$$code)
    _get_lc_ctype                            0x080063ed   Thumb Code    44  lc_ctype_c.o(locale$$code)
    __aeabi_d2f                              0x08006419   Thumb Code     0  d2f.o(x$fpl$d2f)
    _d2f                                     0x08006419   Thumb Code    98  d2f.o(x$fpl$d2f)
    __aeabi_dadd                             0x0800647d   Thumb Code     0  daddsub_clz.o(x$fpl$dadd)
    _dadd                                    0x0800647d   Thumb Code   332  daddsub_clz.o(x$fpl$dadd)
    __fpl_dcheck_NaN1                        0x080065cd   Thumb Code    10  dcheck1.o(x$fpl$dcheck1)
    __fpl_dcmp_Inf                           0x080065dd   Thumb Code    24  dcmpi.o(x$fpl$dcmpinf)
    __aeabi_ddiv                             0x080065f5   Thumb Code     0  ddiv.o(x$fpl$ddiv)
    _ddiv                                    0x080065f5   Thumb Code   552  ddiv.o(x$fpl$ddiv)
    __aeabi_cdcmpeq                          0x080068a5   Thumb Code     0  deqf.o(x$fpl$deqf)
    _dcmpeq                                  0x080068a5   Thumb Code   120  deqf.o(x$fpl$deqf)
    __aeabi_d2iz                             0x0800691d   Thumb Code     0  dfix.o(x$fpl$dfix)
    _dfix                                    0x0800691d   Thumb Code    94  dfix.o(x$fpl$dfix)
    __aeabi_i2d                              0x0800697b   Thumb Code     0  dflt_clz.o(x$fpl$dflt)
    _dflt                                    0x0800697b   Thumb Code    46  dflt_clz.o(x$fpl$dflt)
    __aeabi_cdcmple                          0x080069a9   Thumb Code     0  dleqf.o(x$fpl$dleqf)
    _dcmple                                  0x080069a9   Thumb Code   120  dleqf.o(x$fpl$dleqf)
    __fpl_dcmple_InfNaN                      0x08006a0b   Thumb Code     0  dleqf.o(x$fpl$dleqf)
    __aeabi_dmul                             0x08006a21   Thumb Code     0  dmul.o(x$fpl$dmul)
    _dmul                                    0x08006a21   Thumb Code   332  dmul.o(x$fpl$dmul)
    __fpl_dnaninf                            0x08006b75   Thumb Code   156  dnaninf.o(x$fpl$dnaninf)
    __fpl_dretinf                            0x08006c11   Thumb Code    12  dretinf.o(x$fpl$dretinf)
    __aeabi_cdrcmple                         0x08006c1d   Thumb Code     0  drleqf.o(x$fpl$drleqf)
    _drcmple                                 0x08006c1d   Thumb Code   108  drleqf.o(x$fpl$drleqf)
    __aeabi_dsub                             0x08006c89   Thumb Code     0  daddsub_clz.o(x$fpl$dsub)
    _dsub                                    0x08006c89   Thumb Code   464  daddsub_clz.o(x$fpl$dsub)
    __aeabi_f2d                              0x08006e5d   Thumb Code     0  f2d.o(x$fpl$f2d)
    _f2d                                     0x08006e5d   Thumb Code    86  f2d.o(x$fpl$f2d)
    __fpl_fnaninf                            0x08006eb3   Thumb Code   140  fnaninf.o(x$fpl$fnaninf)
    _fp_init                                 0x08006f3f   Thumb Code    10  fpinit.o(x$fpl$fpinit)
    __fplib_config_fpu_vfp                   0x08006f47   Thumb Code     0  fpinit.o(x$fpl$fpinit)
    __fplib_config_pureend_doubles           0x08006f47   Thumb Code     0  fpinit.o(x$fpl$fpinit)
    __fpl_fretinf                            0x08006f49   Thumb Code    10  fretinf.o(x$fpl$fretinf)
    __ieee_status                            0x08006f53   Thumb Code     6  istatus.o(x$fpl$ieeestatus)
    _printf_fp_dec                           0x08006f59   Thumb Code     4  printf1.o(x$fpl$printf1)
    __fpl_return_NaN                         0x08006f5d   Thumb Code   100  retnan.o(x$fpl$retnan)
    __ARM_scalbn                             0x08006fc1   Thumb Code    92  scalbn.o(x$fpl$scalbn)
    _scanf_real                              0x0800701d   Thumb Code     4  scanf1.o(x$fpl$scanf1)
    _scanf_hex_real                          0x08007021   Thumb Code     4  scanf2.o(x$fpl$scanf2)
    _scanf_infnan                            0x08007025   Thumb Code     4  scanf2.o(x$fpl$scanf2)
    __fpl_cmpreturn                          0x08007029   Thumb Code    48  trapv.o(x$fpl$trapveneer)
    __I$use$fp                               0x08007058   Number         0  usenofp.o(x$fpl$usenofp)
    success_response                         0x08007058   Data          24  main.o(.constdata)
    failure_response                         0x08007070   Data          38  main.o(.constdata)
    AHBPrescTable                            0x08007096   Data          16  system_stm32f4xx.o(.constdata)
    APBPrescTable                            0x080070a6   Data           8  system_stm32f4xx.o(.constdata)
    asc2_0806                                0x080070ae   Data         552  oled.o(.constdata)
    asc2_1206                                0x080072d6   Data        1140  oled.o(.constdata)
    asc2_1608                                0x0800774a   Data        1520  oled.o(.constdata)
    asc2_2412                                0x08007d3a   Data        3420  oled.o(.constdata)
    Hzk1                                     0x08008a96   Data         352  oled.o(.constdata)
    Hzk2                                     0x08008bf6   Data          72  oled.o(.constdata)
    Hzk3                                     0x08008c3e   Data         128  oled.o(.constdata)
    Hzk4                                     0x08008cbe   Data         512  oled.o(.constdata)
    Region$$Table$$Base                      0x08008f54   Number         0  anon$$obj.o(Region$$Table)
    Region$$Table$$Limit                     0x08008f74   Number         0  anon$$obj.o(Region$$Table)
    __aeabi_HUGE_VAL                         0x08008f74   Data           0  fpconst.o(c$$dinf)
    __aeabi_HUGE_VALL                        0x08008f74   Data           0  fpconst.o(c$$dinf)
    __aeabi_INFINITY                         0x08008f74   Data           0  fpconst.o(c$$dinf)
    __dInf                                   0x08008f74   Data           0  fpconst.o(c$$dinf)
    __huge_val                               0x08008f74   Data           0  fpconst.o(c$$dinf)
    __dbl_max                                0x08008f7c   Data           0  fpconst.o(c$$dmax)
    __ctype                                  0x08008fad   Data           0  lc_ctype_c.o(locale$$data)
    PWM_COMPARE                              0x20000000   Data           4  main.o(.data)
    ReTVelocity                              0x20000004   Data           4  main.o(.data)
    AveVelocity                              0x20000008   Data           4  main.o(.data)
    newCapPul                                0x2000000c   Data           4  main.o(.data)
    lastCapPul                               0x20000010   Data           4  main.o(.data)
    newCapPul1                               0x20000014   Data           4  main.o(.data)
    newCapPul2                               0x20000018   Data           4  main.o(.data)
    SetVal                                   0x2000001c   Data           4  main.o(.data)
    ReaVal                                   0x20000020   Data           4  main.o(.data)
    PercentageError                          0x20000024   Data           4  main.o(.data)
    SettTime                                 0x20000028   Data           4  main.o(.data)
    Direcion                                 0x2000002c   Data           4  main.o(.data)
    Position                                 0x20000030   Data           4  main.o(.data)
    Target                                   0x20000034   Data           4  main.o(.data)
    rx_index                                 0x20000038   Data           4  main.o(.data)
    MaxV                                     0x2000003c   Data           4  main.o(.data)
    MinV                                     0x20000040   Data           4  main.o(.data)
    i                                        0x20000044   Data           4  main.o(.data)
    flag                                     0x20000048   Data           4  main.o(.data)
    f                                        0x2000005c   Data           4  main.o(.data)
    cnt                                      0x20000060   Data           4  main.o(.data)
    times                                    0x20000064   Data           4  main.o(.data)
    TargetVelocity                           0x20000068   Data           4  main.o(.data)
    dt                                       0x2000006c   Data           4  main.o(.data)
    start_time                               0x20000080   Data           4  main.o(.data)
    end_time                                 0x20000084   Data           4  main.o(.data)
    pid_params                               0x20000088   Data          12  main.o(.data)
    uwTickFreq                               0x20000094   Data           1  stm32f4xx_hal.o(.data)
    uwTickPrio                               0x20000098   Data           4  stm32f4xx_hal.o(.data)
    uwTick                                   0x2000009c   Data           4  stm32f4xx_hal.o(.data)
    SystemCoreClock                          0x200000a0   Data           4  system_stm32f4xx.o(.data)
    v                                        0x200000a4   Data          20  main.o(.bss)
    rx_buffer                                0x200000b8   Data          32  main.o(.bss)
    hadc1                                    0x200000d8   Data          72  adc.o(.bss)
    hdac                                     0x20000120   Data          20  dac.o(.bss)
    hrtc                                     0x20000134   Data          32  rtc.o(.bss)
    hspi2                                    0x20000154   Data          88  spi.o(.bss)
    htim5                                    0x200001ac   Data          72  tim.o(.bss)
    htim6                                    0x200001f4   Data          72  tim.o(.bss)
    htim14                                   0x2000023c   Data          72  tim.o(.bss)
    huart1                                   0x20000284   Data          72  usart.o(.bss)
    OLED_GRAM                                0x200002cc   Data        1152  oled.o(.bss)
    __libspace_start                         0x2000074c   Data          96  libspace.o(.bss)
    __temporary_stack_top$libspace           0x200007ac   Data           0  libspace.o(.bss)



==============================================================================

Memory Map of the image

  Image Entry point : 0x08000189

  Load Region LR_IROM1 (Base: 0x08000000, Size: 0x00009154, Max: 0x00080000, ABSOLUTE)

    Execution Region ER_IROM1 (Exec base: 0x08000000, Load base: 0x08000000, Size: 0x000090b0, Max: 0x00080000, ABSOLUTE)

    Exec Addr    Load Addr    Size         Type   Attr      Idx    E Section Name        Object

    0x08000000   0x08000000   0x00000188   Data   RO            3    RESET               startup_stm32f407xx.o
    0x08000188   0x08000188   0x00000008   Code   RO         4865  * !!!main             c_w.l(__main.o)
    0x08000190   0x08000190   0x00000034   Code   RO         5226    !!!scatter          c_w.l(__scatter.o)
    0x080001c4   0x080001c4   0x0000001a   Code   RO         5228    !!handler_copy      c_w.l(__scatter_copy.o)
    0x080001de   0x080001de   0x00000002   PAD
    0x080001e0   0x080001e0   0x0000001c   Code   RO         5230    !!handler_zi        c_w.l(__scatter_zi.o)
    0x080001fc   0x080001fc   0x00000000   Code   RO         4858    .ARM.Collect$$_printf_percent$$00000000  c_w.l(_printf_percent.o)
    0x080001fc   0x080001fc   0x00000006   Code   RO         4857    .ARM.Collect$$_printf_percent$$00000003  c_w.l(_printf_f.o)
    0x08000202   0x08000202   0x00000004   Code   RO         4906    .ARM.Collect$$_printf_percent$$00000017  c_w.l(_printf_percent_end.o)
    0x08000206   0x08000206   0x00000002   Code   RO         5033    .ARM.Collect$$libinit$$00000000  c_w.l(libinit.o)
    0x08000208   0x08000208   0x00000004   Code   RO         5034    .ARM.Collect$$libinit$$00000001  c_w.l(libinit2.o)
    0x0800020c   0x0800020c   0x00000000   Code   RO         5037    .ARM.Collect$$libinit$$00000004  c_w.l(libinit2.o)
    0x0800020c   0x0800020c   0x00000000   Code   RO         5040    .ARM.Collect$$libinit$$0000000A  c_w.l(libinit2.o)
    0x0800020c   0x0800020c   0x00000000   Code   RO         5042    .ARM.Collect$$libinit$$0000000C  c_w.l(libinit2.o)
    0x0800020c   0x0800020c   0x00000000   Code   RO         5044    .ARM.Collect$$libinit$$0000000E  c_w.l(libinit2.o)
    0x0800020c   0x0800020c   0x00000006   Code   RO         5045    .ARM.Collect$$libinit$$0000000F  c_w.l(libinit2.o)
    0x08000212   0x08000212   0x00000000   Code   RO         5047    .ARM.Collect$$libinit$$00000011  c_w.l(libinit2.o)
    0x08000212   0x08000212   0x0000000c   Code   RO         5048    .ARM.Collect$$libinit$$00000012  c_w.l(libinit2.o)
    0x0800021e   0x0800021e   0x00000000   Code   RO         5049    .ARM.Collect$$libinit$$00000013  c_w.l(libinit2.o)
    0x0800021e   0x0800021e   0x00000000   Code   RO         5051    .ARM.Collect$$libinit$$00000015  c_w.l(libinit2.o)
    0x0800021e   0x0800021e   0x0000000a   Code   RO         5052    .ARM.Collect$$libinit$$00000016  c_w.l(libinit2.o)
    0x08000228   0x08000228   0x00000000   Code   RO         5053    .ARM.Collect$$libinit$$00000017  c_w.l(libinit2.o)
    0x08000228   0x08000228   0x00000000   Code   RO         5055    .ARM.Collect$$libinit$$00000019  c_w.l(libinit2.o)
    0x08000228   0x08000228   0x00000000   Code   RO         5057    .ARM.Collect$$libinit$$0000001B  c_w.l(libinit2.o)
    0x08000228   0x08000228   0x00000000   Code   RO         5059    .ARM.Collect$$libinit$$0000001D  c_w.l(libinit2.o)
    0x08000228   0x08000228   0x00000000   Code   RO         5061    .ARM.Collect$$libinit$$0000001F  c_w.l(libinit2.o)
    0x08000228   0x08000228   0x00000000   Code   RO         5063    .ARM.Collect$$libinit$$00000021  c_w.l(libinit2.o)
    0x08000228   0x08000228   0x00000000   Code   RO         5065    .ARM.Collect$$libinit$$00000023  c_w.l(libinit2.o)
    0x08000228   0x08000228   0x00000000   Code   RO         5067    .ARM.Collect$$libinit$$00000025  c_w.l(libinit2.o)
    0x08000228   0x08000228   0x00000000   Code   RO         5071    .ARM.Collect$$libinit$$0000002C  c_w.l(libinit2.o)
    0x08000228   0x08000228   0x00000000   Code   RO         5073    .ARM.Collect$$libinit$$0000002E  c_w.l(libinit2.o)
    0x08000228   0x08000228   0x00000000   Code   RO         5075    .ARM.Collect$$libinit$$00000030  c_w.l(libinit2.o)
    0x08000228   0x08000228   0x00000000   Code   RO         5077    .ARM.Collect$$libinit$$00000032  c_w.l(libinit2.o)
    0x08000228   0x08000228   0x00000002   Code   RO         5078    .ARM.Collect$$libinit$$00000033  c_w.l(libinit2.o)
    0x0800022a   0x0800022a   0x00000002   Code   RO         5183    .ARM.Collect$$libshutdown$$00000000  c_w.l(libshutdown.o)
    0x0800022c   0x0800022c   0x00000000   Code   RO         5203    .ARM.Collect$$libshutdown$$00000002  c_w.l(libshutdown2.o)
    0x0800022c   0x0800022c   0x00000000   Code   RO         5205    .ARM.Collect$$libshutdown$$00000004  c_w.l(libshutdown2.o)
    0x0800022c   0x0800022c   0x00000000   Code   RO         5207    .ARM.Collect$$libshutdown$$00000006  c_w.l(libshutdown2.o)
    0x0800022c   0x0800022c   0x00000000   Code   RO         5210    .ARM.Collect$$libshutdown$$00000009  c_w.l(libshutdown2.o)
    0x0800022c   0x0800022c   0x00000000   Code   RO         5213    .ARM.Collect$$libshutdown$$0000000C  c_w.l(libshutdown2.o)
    0x0800022c   0x0800022c   0x00000000   Code   RO         5215    .ARM.Collect$$libshutdown$$0000000E  c_w.l(libshutdown2.o)
    0x0800022c   0x0800022c   0x00000000   Code   RO         5218    .ARM.Collect$$libshutdown$$00000011  c_w.l(libshutdown2.o)
    0x0800022c   0x0800022c   0x00000002   Code   RO         5219    .ARM.Collect$$libshutdown$$00000012  c_w.l(libshutdown2.o)
    0x0800022e   0x0800022e   0x00000000   Code   RO         4895    .ARM.Collect$$rtentry$$00000000  c_w.l(__rtentry.o)
    0x0800022e   0x0800022e   0x00000000   Code   RO         4921    .ARM.Collect$$rtentry$$00000002  c_w.l(__rtentry2.o)
    0x0800022e   0x0800022e   0x00000006   Code   RO         4933    .ARM.Collect$$rtentry$$00000004  c_w.l(__rtentry4.o)
    0x08000234   0x08000234   0x00000000   Code   RO         4923    .ARM.Collect$$rtentry$$00000009  c_w.l(__rtentry2.o)
    0x08000234   0x08000234   0x00000004   Code   RO         4924    .ARM.Collect$$rtentry$$0000000A  c_w.l(__rtentry2.o)
    0x08000238   0x08000238   0x00000000   Code   RO         4926    .ARM.Collect$$rtentry$$0000000C  c_w.l(__rtentry2.o)
    0x08000238   0x08000238   0x00000008   Code   RO         4927    .ARM.Collect$$rtentry$$0000000D  c_w.l(__rtentry2.o)
    0x08000240   0x08000240   0x00000002   Code   RO         5091    .ARM.Collect$$rtexit$$00000000  c_w.l(rtexit.o)
    0x08000242   0x08000242   0x00000000   Code   RO         5135    .ARM.Collect$$rtexit$$00000002  c_w.l(rtexit2.o)
    0x08000242   0x08000242   0x00000004   Code   RO         5136    .ARM.Collect$$rtexit$$00000003  c_w.l(rtexit2.o)
    0x08000246   0x08000246   0x00000006   Code   RO         5137    .ARM.Collect$$rtexit$$00000004  c_w.l(rtexit2.o)
    0x0800024c   0x0800024c   0x00000040   Code   RO            4    .text               startup_stm32f407xx.o
    0x0800028c   0x0800028c   0x000000ee   Code   RO         4829    .text               c_w.l(lludivv7m.o)
    0x0800037a   0x0800037a   0x00000002   PAD
    0x0800037c   0x0800037c   0x0000002c   Code   RO         4831    .text               c_w.l(__2sprintf.o)
    0x080003a8   0x080003a8   0x00000068   Code   RO         4835    .text               c_w.l(__printf.o)
    0x08000410   0x08000410   0x0000003c   Code   RO         4859    .text               c_w.l(__0sscanf.o)
    0x0800044c   0x0800044c   0x0000004e   Code   RO         4861    .text               c_w.l(rt_memclr_w.o)
    0x0800049a   0x0800049a   0x00000006   Code   RO         4863    .text               c_w.l(heapauxi.o)
    0x080004a0   0x080004a0   0x0000041e   Code   RO         4900    .text               c_w.l(_printf_fp_dec.o)
    0x080008be   0x080008be   0x00000002   PAD
    0x080008c0   0x080008c0   0x00000030   Code   RO         4902    .text               c_w.l(_printf_char_common.o)
    0x080008f0   0x080008f0   0x0000000a   Code   RO         4904    .text               c_w.l(_sputc.o)
    0x080008fa   0x080008fa   0x00000002   PAD
    0x080008fc   0x080008fc   0x000004f8   Code   RO         4907    .text               c_w.l(scanf_fp.o)
    0x08000df4   0x08000df4   0x0000002c   Code   RO         4909    .text               c_w.l(scanf_char.o)
    0x08000e20   0x08000e20   0x00000040   Code   RO         4911    .text               c_w.l(_sgetc.o)
    0x08000e60   0x08000e60   0x00000008   Code   RO         4940    .text               c_w.l(rt_locale_intlibspace.o)
    0x08000e68   0x08000e68   0x00000008   Code   RO         4945    .text               c_w.l(rt_errno_addr_intlibspace.o)
    0x08000e70   0x08000e70   0x0000008a   Code   RO         4947    .text               c_w.l(lludiv10.o)
    0x08000efa   0x08000efa   0x00000012   Code   RO         4949    .text               c_w.l(isspace.o)
    0x08000f0c   0x08000f0c   0x00000080   Code   RO         4951    .text               c_w.l(_printf_fp_infnan.o)
    0x08000f8c   0x08000f8c   0x00000374   Code   RO         4955    .text               c_w.l(_scanf.o)
    0x08001300   0x08001300   0x000000e4   Code   RO         4957    .text               c_w.l(bigflt0.o)
    0x080013e4   0x080013e4   0x00000008   Code   RO         5007    .text               c_w.l(libspace.o)
    0x080013ec   0x080013ec   0x0000004a   Code   RO         5010    .text               c_w.l(sys_stackheap_outer.o)
    0x08001436   0x08001436   0x00000002   PAD
    0x08001438   0x08001438   0x00000010   Code   RO         5012    .text               c_w.l(rt_ctype_table.o)
    0x08001448   0x08001448   0x00000016   Code   RO         5014    .text               c_w.l(_rserrno.o)
    0x0800145e   0x0800145e   0x00000002   PAD
    0x08001460   0x08001460   0x00000320   Code   RO         5016    .text               c_w.l(scanf_hexfp.o)
    0x08001780   0x08001780   0x00000134   Code   RO         5018    .text               c_w.l(scanf_infnan.o)
    0x080018b4   0x080018b4   0x00000012   Code   RO         5020    .text               c_w.l(exit.o)
    0x080018c6   0x080018c6   0x00000002   PAD
    0x080018c8   0x080018c8   0x00000080   Code   RO         5026    .text               c_w.l(strcmpv7m.o)
    0x08001948   0x08001948   0x00000026   Code   RO         5095    .text               c_w.l(llshl.o)
    0x0800196e   0x0800196e   0x0000001c   Code   RO         5097    .text               c_w.l(_chval.o)
    0x0800198a   0x0800198a   0x00000002   PAD
    0x0800198c   0x0800198c   0x0000000c   Code   RO         5132    .text               c_w.l(sys_exit.o)
    0x08001998   0x08001998   0x00000002   Code   RO         5170    .text               c_w.l(use_no_semi.o)
    0x0800199a   0x0800199a   0x00000000   Code   RO         5172    .text               c_w.l(indicate_semi.o)
    0x0800199a   0x0800199a   0x0000003e   Code   RO         4960    CL$$btod_d2e        c_w.l(btod.o)
    0x080019d8   0x080019d8   0x00000046   Code   RO         4962    CL$$btod_d2e_denorm_low  c_w.l(btod.o)
    0x08001a1e   0x08001a1e   0x00000060   Code   RO         4961    CL$$btod_d2e_norm_op1  c_w.l(btod.o)
    0x08001a7e   0x08001a7e   0x00000338   Code   RO         4970    CL$$btod_div_common  c_w.l(btod.o)
    0x08001db6   0x08001db6   0x00000002   PAD
    0x08001db8   0x08001db8   0x00000084   Code   RO         4968    CL$$btod_e2d        c_w.l(btod.o)
    0x08001e3c   0x08001e3c   0x000000dc   Code   RO         4967    CL$$btod_e2e        c_w.l(btod.o)
    0x08001f18   0x08001f18   0x0000002a   Code   RO         4964    CL$$btod_ediv       c_w.l(btod.o)
    0x08001f42   0x08001f42   0x0000002a   Code   RO         4966    CL$$btod_edivd      c_w.l(btod.o)
    0x08001f6c   0x08001f6c   0x0000002a   Code   RO         4963    CL$$btod_emul       c_w.l(btod.o)
    0x08001f96   0x08001f96   0x0000002a   Code   RO         4965    CL$$btod_emuld      c_w.l(btod.o)
    0x08001fc0   0x08001fc0   0x00000244   Code   RO         4969    CL$$btod_mult_common  c_w.l(btod.o)
    0x08002204   0x08002204   0x00000128   Code   RO          700    i.ADC_Init          stm32f4xx_hal_adc.o
    0x0800232c   0x0800232c   0x00000002   Code   RO          585    i.BusFault_Handler  stm32f4xx_it.o
    0x0800232e   0x0800232e   0x00000002   Code   RO          586    i.DebugMon_Handler  stm32f4xx_it.o
    0x08002330   0x08002330   0x000000ac   Code   RO         4758    i.Display_0         dig.o
    0x080023dc   0x080023dc   0x000000ac   Code   RO         4759    i.Display_1         dig.o
    0x08002488   0x08002488   0x000000ac   Code   RO         4760    i.Display_2         dig.o
    0x08002534   0x08002534   0x000000ac   Code   RO         4761    i.Display_3         dig.o
    0x080025e0   0x080025e0   0x000000ac   Code   RO         4762    i.Display_4         dig.o
    0x0800268c   0x0800268c   0x000000ac   Code   RO         4763    i.Display_5         dig.o
    0x08002738   0x08002738   0x000000ac   Code   RO         4764    i.Display_6         dig.o
    0x080027e4   0x080027e4   0x000000ac   Code   RO         4765    i.Display_7         dig.o
    0x08002890   0x08002890   0x000000ac   Code   RO         4766    i.Display_8         dig.o
    0x0800293c   0x0800293c   0x00000004   Code   RO           13    i.Error_Handler     main.o
    0x08002940   0x08002940   0x0000001a   Code   RO         4686    i.Find_Max          encoder.o
    0x0800295a   0x0800295a   0x00000002   PAD
    0x0800295c   0x0800295c   0x0000001a   Code   RO         4687    i.Find_Min          encoder.o
    0x08002976   0x08002976   0x00000002   PAD
    0x08002978   0x08002978   0x00000034   Code   RO         4688    i.Get_AveV          encoder.o
    0x080029ac   0x080029ac   0x0000014c   Code   RO          702    i.HAL_ADC_ConfigChannel  stm32f4xx_hal_adc.o
    0x08002af8   0x08002af8   0x00000054   Code   RO          711    i.HAL_ADC_Init      stm32f4xx_hal_adc.o
    0x08002b4c   0x08002b4c   0x00000060   Code   RO          301    i.HAL_ADC_MspInit   adc.o
    0x08002bac   0x08002bac   0x00000002   Code   RO         2274    i.HAL_DACEx_DMAUnderrunCallbackCh2  stm32f4xx_hal_dac_ex.o
    0x08002bae   0x08002bae   0x0000004e   Code   RO         2128    i.HAL_DAC_ConfigChannel  stm32f4xx_hal_dac.o
    0x08002bfc   0x08002bfc   0x00000002   Code   RO         2131    i.HAL_DAC_DMAUnderrunCallbackCh1  stm32f4xx_hal_dac.o
    0x08002bfe   0x08002bfe   0x00000068   Code   RO         2137    i.HAL_DAC_IRQHandler  stm32f4xx_hal_dac.o
    0x08002c66   0x08002c66   0x00000028   Code   RO         2138    i.HAL_DAC_Init      stm32f4xx_hal_dac.o
    0x08002c8e   0x08002c8e   0x00000002   PAD
    0x08002c90   0x08002c90   0x00000070   Code   RO          343    i.HAL_DAC_MspInit   dac.o
    0x08002d00   0x08002d00   0x00000022   Code   RO         2141    i.HAL_DAC_SetValue  stm32f4xx_hal_dac.o
    0x08002d22   0x08002d22   0x00000062   Code   RO         2142    i.HAL_DAC_Start     stm32f4xx_hal_dac.o
    0x08002d84   0x08002d84   0x00000092   Code   RO         1437    i.HAL_DMA_Abort     stm32f4xx_hal_dma.o
    0x08002e16   0x08002e16   0x00000024   Code   RO         1438    i.HAL_DMA_Abort_IT  stm32f4xx_hal_dma.o
    0x08002e3a   0x08002e3a   0x00000002   PAD
    0x08002e3c   0x08002e3c   0x00000024   Code   RO         1874    i.HAL_Delay         stm32f4xx_hal.o
    0x08002e60   0x08002e60   0x000001f0   Code   RO         1330    i.HAL_GPIO_Init     stm32f4xx_hal_gpio.o
    0x08003050   0x08003050   0x0000000a   Code   RO         1332    i.HAL_GPIO_ReadPin  stm32f4xx_hal_gpio.o
    0x0800305a   0x0800305a   0x0000000a   Code   RO         1334    i.HAL_GPIO_WritePin  stm32f4xx_hal_gpio.o
    0x08003064   0x08003064   0x0000000c   Code   RO         1880    i.HAL_GetTick       stm32f4xx_hal.o
    0x08003070   0x08003070   0x00000010   Code   RO         1886    i.HAL_IncTick       stm32f4xx_hal.o
    0x08003080   0x08003080   0x00000034   Code   RO         1887    i.HAL_Init          stm32f4xx_hal.o
    0x080030b4   0x080030b4   0x00000040   Code   RO         1888    i.HAL_InitTick      stm32f4xx_hal.o
    0x080030f4   0x080030f4   0x00000030   Code   RO          673    i.HAL_MspInit       stm32f4xx_hal_msp.o
    0x08003124   0x08003124   0x0000001a   Code   RO         1722    i.HAL_NVIC_EnableIRQ  stm32f4xx_hal_cortex.o
    0x0800313e   0x0800313e   0x00000002   PAD
    0x08003140   0x08003140   0x00000040   Code   RO         1728    i.HAL_NVIC_SetPriority  stm32f4xx_hal_cortex.o
    0x08003180   0x08003180   0x00000024   Code   RO         1729    i.HAL_NVIC_SetPriorityGrouping  stm32f4xx_hal_cortex.o
    0x080031a4   0x080031a4   0x0000013c   Code   RO         1081    i.HAL_RCCEx_PeriphCLKConfig  stm32f4xx_hal_rcc_ex.o
    0x080032e0   0x080032e0   0x00000134   Code   RO          976    i.HAL_RCC_ClockConfig  stm32f4xx_hal_rcc.o
    0x08003414   0x08003414   0x00000020   Code   RO          983    i.HAL_RCC_GetPCLK1Freq  stm32f4xx_hal_rcc.o
    0x08003434   0x08003434   0x00000020   Code   RO          984    i.HAL_RCC_GetPCLK2Freq  stm32f4xx_hal_rcc.o
    0x08003454   0x08003454   0x00000064   Code   RO          985    i.HAL_RCC_GetSysClockFreq  stm32f4xx_hal_rcc.o
    0x080034b8   0x080034b8   0x0000036c   Code   RO          988    i.HAL_RCC_OscConfig  stm32f4xx_hal_rcc.o
    0x08003824   0x08003824   0x000000d2   Code   RO         2564    i.HAL_RTCEx_SetWakeUpTimer  stm32f4xx_hal_rtc_ex.o
    0x080038f6   0x080038f6   0x00000002   PAD
    0x080038f8   0x080038f8   0x0000009c   Code   RO         2378    i.HAL_RTC_Init      stm32f4xx_hal_rtc.o
    0x08003994   0x08003994   0x00000038   Code   RO          385    i.HAL_RTC_MspInit   rtc.o
    0x080039cc   0x080039cc   0x00000098   Code   RO         2384    i.HAL_RTC_SetDate   stm32f4xx_hal_rtc.o
    0x08003a64   0x08003a64   0x000000c0   Code   RO         2385    i.HAL_RTC_SetTime   stm32f4xx_hal_rtc.o
    0x08003b24   0x08003b24   0x00000038   Code   RO         2386    i.HAL_RTC_WaitForSynchro  stm32f4xx_hal_rtc.o
    0x08003b5c   0x08003b5c   0x000000bc   Code   RO         2776    i.HAL_SPI_Init      stm32f4xx_hal_spi.o
    0x08003c18   0x08003c18   0x00000094   Code   RO          430    i.HAL_SPI_MspInit   spi.o
    0x08003cac   0x08003cac   0x00000166   Code   RO         2784    i.HAL_SPI_Transmit  stm32f4xx_hal_spi.o
    0x08003e12   0x08003e12   0x00000028   Code   RO         1733    i.HAL_SYSTICK_Config  stm32f4xx_hal_cortex.o
    0x08003e3a   0x08003e3a   0x00000002   Code   RO         3793    i.HAL_TIMEx_BreakCallback  stm32f4xx_hal_tim_ex.o
    0x08003e3c   0x08003e3c   0x00000002   Code   RO         3794    i.HAL_TIMEx_CommutCallback  stm32f4xx_hal_tim_ex.o
    0x08003e3e   0x08003e3e   0x00000002   PAD
    0x08003e40   0x08003e40   0x00000090   Code   RO         3812    i.HAL_TIMEx_MasterConfigSynchronization  stm32f4xx_hal_tim_ex.o
    0x08003ed0   0x08003ed0   0x0000005a   Code   RO         3089    i.HAL_TIM_Base_Init  stm32f4xx_hal_tim.o
    0x08003f2a   0x08003f2a   0x00000002   PAD
    0x08003f2c   0x08003f2c   0x00000054   Code   RO          472    i.HAL_TIM_Base_MspInit  tim.o
    0x08003f80   0x08003f80   0x00000078   Code   RO         3092    i.HAL_TIM_Base_Start  stm32f4xx_hal_tim.o
    0x08003ff8   0x08003ff8   0x000000a4   Code   RO         3110    i.HAL_TIM_Encoder_Init  stm32f4xx_hal_tim.o
    0x0800409c   0x0800409c   0x00000068   Code   RO          474    i.HAL_TIM_Encoder_MspInit  tim.o
    0x08004104   0x08004104   0x0000008e   Code   RO         3113    i.HAL_TIM_Encoder_Start  stm32f4xx_hal_tim.o
    0x08004192   0x08004192   0x00000002   Code   RO         3123    i.HAL_TIM_IC_CaptureCallback  stm32f4xx_hal_tim.o
    0x08004194   0x08004194   0x00000130   Code   RO         3137    i.HAL_TIM_IRQHandler  stm32f4xx_hal_tim.o
    0x080042c4   0x080042c4   0x00000054   Code   RO          475    i.HAL_TIM_MspPostInit  tim.o
    0x08004318   0x08004318   0x00000002   Code   RO         3140    i.HAL_TIM_OC_DelayElapsedCallback  stm32f4xx_hal_tim.o
    0x0800431a   0x0800431a   0x000000cc   Code   RO         3161    i.HAL_TIM_PWM_ConfigChannel  stm32f4xx_hal_tim.o
    0x080043e6   0x080043e6   0x0000005a   Code   RO         3164    i.HAL_TIM_PWM_Init  stm32f4xx_hal_tim.o
    0x08004440   0x08004440   0x00000002   Code   RO         3166    i.HAL_TIM_PWM_MspInit  stm32f4xx_hal_tim.o
    0x08004442   0x08004442   0x00000002   Code   RO         3167    i.HAL_TIM_PWM_PulseFinishedCallback  stm32f4xx_hal_tim.o
    0x08004444   0x08004444   0x000000c8   Code   RO         3169    i.HAL_TIM_PWM_Start  stm32f4xx_hal_tim.o
    0x0800450c   0x0800450c   0x00000002   Code   RO         3175    i.HAL_TIM_PeriodElapsedCallback  stm32f4xx_hal_tim.o
    0x0800450e   0x0800450e   0x00000002   Code   RO         3180    i.HAL_TIM_TriggerCallback  stm32f4xx_hal_tim.o
    0x08004510   0x08004510   0x00000002   Code   RO         4072    i.HAL_UARTEx_RxEventCallback  stm32f4xx_hal_uart.o
    0x08004512   0x08004512   0x00000002   Code   RO         4086    i.HAL_UART_ErrorCallback  stm32f4xx_hal_uart.o
    0x08004514   0x08004514   0x00000270   Code   RO         4089    i.HAL_UART_IRQHandler  stm32f4xx_hal_uart.o
    0x08004784   0x08004784   0x00000064   Code   RO         4090    i.HAL_UART_Init     stm32f4xx_hal_uart.o
    0x080047e8   0x080047e8   0x0000007c   Code   RO          544    i.HAL_UART_MspInit  usart.o
    0x08004864   0x08004864   0x0000001c   Code   RO         4095    i.HAL_UART_Receive_IT  stm32f4xx_hal_uart.o
    0x08004880   0x08004880   0x0000004c   Code   RO           14    i.HAL_UART_RxCpltCallback  main.o
    0x080048cc   0x080048cc   0x000000a0   Code   RO         4098    i.HAL_UART_Transmit  stm32f4xx_hal_uart.o
    0x0800496c   0x0800496c   0x00000002   Code   RO         4101    i.HAL_UART_TxCpltCallback  stm32f4xx_hal_uart.o
    0x0800496e   0x0800496e   0x00000002   Code   RO          587    i.HardFault_Handler  stm32f4xx_it.o
    0x08004970   0x08004970   0x00000060   Code   RO          302    i.MX_ADC1_Init      adc.o
    0x080049d0   0x080049d0   0x0000004c   Code   RO          344    i.MX_DAC_Init       dac.o
    0x08004a1c   0x08004a1c   0x00000134   Code   RO          276    i.MX_GPIO_Init      gpio.o
    0x08004b50   0x08004b50   0x00000090   Code   RO          386    i.MX_RTC_Init       rtc.o
    0x08004be0   0x08004be0   0x00000044   Code   RO          431    i.MX_SPI2_Init      spi.o
    0x08004c24   0x08004c24   0x00000068   Code   RO          476    i.MX_TIM14_Init     tim.o
    0x08004c8c   0x08004c8c   0x0000006c   Code   RO          477    i.MX_TIM5_Init      tim.o
    0x08004cf8   0x08004cf8   0x00000044   Code   RO          478    i.MX_TIM6_Init      tim.o
    0x08004d3c   0x08004d3c   0x00000038   Code   RO          545    i.MX_USART1_UART_Init  usart.o
    0x08004d74   0x08004d74   0x00000002   Code   RO          588    i.MemManage_Handler  stm32f4xx_it.o
    0x08004d76   0x08004d76   0x00000002   Code   RO          589    i.NMI_Handler       stm32f4xx_it.o
    0x08004d78   0x08004d78   0x0000002c   Code   RO         4494    i.OLED_Clear        oled.o
    0x08004da4   0x08004da4   0x00000064   Code   RO         4629    i.OLED_Display_Motor_PercentageError  systemdisplay.o
    0x08004e08   0x08004e08   0x000000fc   Code   RO         4630    i.OLED_Display_Motor_RV  systemdisplay.o
    0x08004f04   0x08004f04   0x00000074   Code   RO         4631    i.OLED_Display_Motor_RotationDirection  systemdisplay.o
    0x08004f78   0x08004f78   0x0000005c   Code   RO         4632    i.OLED_Display_Motor_SettlingTime  systemdisplay.o
    0x08004fd4   0x08004fd4   0x00000048   Code   RO         4633    i.OLED_Display_PWM_COMPARE  systemdisplay.o
    0x0800501c   0x0800501c   0x00000064   Code   RO         4634    i.OLED_Display_SystemDetail  systemdisplay.o
    0x08005080   0x08005080   0x0000002c   Code   RO         4501    i.OLED_DrawPoint    oled.o
    0x080050ac   0x080050ac   0x0000010c   Code   RO         4502    i.OLED_Init         oled.o
    0x080051b8   0x080051b8   0x00000010   Code   RO         4503    i.OLED_Pow          oled.o
    0x080051c8   0x080051c8   0x0000004c   Code   RO         4504    i.OLED_Refresh      oled.o
    0x08005214   0x08005214   0x000000e4   Code   RO         4506    i.OLED_ShowChar     oled.o
    0x080052f8   0x080052f8   0x0000006e   Code   RO         4508    i.OLED_ShowNum      oled.o
    0x08005366   0x08005366   0x0000003c   Code   RO         4510    i.OLED_ShowString   oled.o
    0x080053a2   0x080053a2   0x00000002   PAD
    0x080053a4   0x080053a4   0x00000054   Code   RO         4511    i.OLED_WR_Byte      oled.o
    0x080053f8   0x080053f8   0x00000080   Code   RO           15    i.PWM_Position_PID  main.o
    0x08005478   0x08005478   0x00000002   Code   RO          590    i.PendSV_Handler    stm32f4xx_it.o
    0x0800547a   0x0800547a   0x00000016   Code   RO         2388    i.RTC_ByteToBcd2    stm32f4xx_hal_rtc.o
    0x08005490   0x08005490   0x00000048   Code   RO         2389    i.RTC_EnterInitMode  stm32f4xx_hal_rtc.o
    0x080054d8   0x080054d8   0x0000002a   Code   RO         2390    i.RTC_ExitInitMode  stm32f4xx_hal_rtc.o
    0x08005502   0x08005502   0x00000002   PAD
    0x08005504   0x08005504   0x0000006c   Code   RO         2814    i.SPI_EndRxTxTransaction  stm32f4xx_hal_spi.o
    0x08005570   0x08005570   0x000000b8   Code   RO         2819    i.SPI_WaitFlagStateUntilTimeout  stm32f4xx_hal_spi.o
    0x08005628   0x08005628   0x00000002   Code   RO          591    i.SVC_Handler       stm32f4xx_it.o
    0x0800562a   0x0800562a   0x00000002   PAD
    0x0800562c   0x0800562c   0x00000054   Code   RO           16    i.Send_Speed_Data   main.o
    0x08005680   0x08005680   0x00000004   Code   RO          592    i.SysTick_Handler   stm32f4xx_it.o
    0x08005684   0x08005684   0x00000080   Code   RO           17    i.SystemClock_Config  main.o
    0x08005704   0x08005704   0x00000010   Code   RO         4424    i.SystemInit        system_stm32f4xx.o
    0x08005714   0x08005714   0x0000001c   Code   RO          593    i.TIM6_DAC_IRQHandler  stm32f4xx_it.o
    0x08005730   0x08005730   0x000000d8   Code   RO         3182    i.TIM_Base_SetConfig  stm32f4xx_hal_tim.o
    0x08005808   0x08005808   0x0000001a   Code   RO         3183    i.TIM_CCxChannelCmd  stm32f4xx_hal_tim.o
    0x08005822   0x08005822   0x00000002   PAD
    0x08005824   0x08005824   0x00000060   Code   RO         3195    i.TIM_OC1_SetConfig  stm32f4xx_hal_tim.o
    0x08005884   0x08005884   0x0000006c   Code   RO         3196    i.TIM_OC2_SetConfig  stm32f4xx_hal_tim.o
    0x080058f0   0x080058f0   0x00000068   Code   RO         3197    i.TIM_OC3_SetConfig  stm32f4xx_hal_tim.o
    0x08005958   0x08005958   0x00000050   Code   RO         3198    i.TIM_OC4_SetConfig  stm32f4xx_hal_tim.o
    0x080059a8   0x080059a8   0x00000024   Code   RO         4725    i.ToggleDir1        daad.o
    0x080059cc   0x080059cc   0x00000024   Code   RO         4726    i.ToggleDir2        daad.o
    0x080059f0   0x080059f0   0x00000004   Code   RO         4461    i.Tv_Decrease       pwmoutput.o
    0x080059f4   0x080059f4   0x00000004   Code   RO         4462    i.Tv_Increase       pwmoutput.o
    0x080059f8   0x080059f8   0x00000010   Code   RO         4103    i.UART_DMAAbortOnError  stm32f4xx_hal_uart.o
    0x08005a08   0x08005a08   0x0000004e   Code   RO         4113    i.UART_EndRxTransfer  stm32f4xx_hal_uart.o
    0x08005a56   0x08005a56   0x000000c2   Code   RO         4115    i.UART_Receive_IT   stm32f4xx_hal_uart.o
    0x08005b18   0x08005b18   0x0000010c   Code   RO         4116    i.UART_SetConfig    stm32f4xx_hal_uart.o
    0x08005c24   0x08005c24   0x00000036   Code   RO         4118    i.UART_Start_Receive_IT  stm32f4xx_hal_uart.o
    0x08005c5a   0x08005c5a   0x00000072   Code   RO         4119    i.UART_WaitOnFlagUntilTimeout  stm32f4xx_hal_uart.o
    0x08005ccc   0x08005ccc   0x0000000c   Code   RO          594    i.USART1_IRQHandler  stm32f4xx_it.o
    0x08005cd8   0x08005cd8   0x00000002   Code   RO          595    i.UsageFault_Handler  stm32f4xx_it.o
    0x08005cda   0x08005cda   0x00000030   Code   RO         4997    i.__ARM_fpclassify  m_wm.l(fpclassify.o)
    0x08005d0a   0x08005d0a   0x00000020   Code   RO         1735    i.__NVIC_SetPriority  stm32f4xx_hal_cortex.o
    0x08005d2a   0x08005d2a   0x00000006   PAD
    0x08005d30   0x08005d30   0x000000f8   Code   RO         4999    i.__hardfp___mathlib_tofloat  m_wm.l(narrow.o)
    0x08005e28   0x08005e28   0x000000d0   Code   RO         5116    i.__hardfp_ldexp    m_wm.l(ldexp.o)
    0x08005ef8   0x08005ef8   0x00000020   Code   RO         5155    i.__mathlib_dbl_overflow  m_wm.l(dunder.o)
    0x08005f18   0x08005f18   0x00000020   Code   RO         5157    i.__mathlib_dbl_underflow  m_wm.l(dunder.o)
    0x08005f38   0x08005f38   0x00000012   Code   RO         5000    i.__mathlib_narrow  m_wm.l(narrow.o)
    0x08005f4a   0x08005f4a   0x00000014   Code   RO         5118    i.__support_ldexp   m_wm.l(ldexp.o)
    0x08005f5e   0x08005f5e   0x0000000e   Code   RO         4847    i._is_digit         c_w.l(__printf_wp.o)
    0x08005f6c   0x08005f6c   0x00000004   PAD
    0x08005f70   0x08005f70   0x0000008c   Code   RO         5087    i.frexp             m_wm.l(frexp.o)
    0x08005ffc   0x08005ffc   0x00000374   Code   RO           20    i.main              main.o
    0x08006370   0x08006370   0x00000050   Code   RO           22    i.process           main.o
    0x080063c0   0x080063c0   0x0000002c   Code   RO         4983    locale$$code        c_w.l(lc_numeric_c.o)
    0x080063ec   0x080063ec   0x0000002c   Code   RO         5100    locale$$code        c_w.l(lc_ctype_c.o)
    0x08006418   0x08006418   0x00000062   Code   RO         5079    x$fpl$d2f           fz_wm.l(d2f.o)
    0x0800647a   0x0800647a   0x00000002   PAD
    0x0800647c   0x0800647c   0x00000150   Code   RO         4867    x$fpl$dadd          fz_wm.l(daddsub_clz.o)
    0x080065cc   0x080065cc   0x00000010   Code   RO         5184    x$fpl$dcheck1       fz_wm.l(dcheck1.o)
    0x080065dc   0x080065dc   0x00000018   Code   RO         5108    x$fpl$dcmpinf       fz_wm.l(dcmpi.o)
    0x080065f4   0x080065f4   0x000002b0   Code   RO         4874    x$fpl$ddiv          fz_wm.l(ddiv.o)
    0x080068a4   0x080068a4   0x00000078   Code   RO         5081    x$fpl$deqf          fz_wm.l(deqf.o)
    0x0800691c   0x0800691c   0x0000005e   Code   RO         4877    x$fpl$dfix          fz_wm.l(dfix.o)
    0x0800697a   0x0800697a   0x0000002e   Code   RO         4882    x$fpl$dflt          fz_wm.l(dflt_clz.o)
    0x080069a8   0x080069a8   0x00000078   Code   RO         5110    x$fpl$dleqf         fz_wm.l(dleqf.o)
    0x08006a20   0x08006a20   0x00000154   Code   RO         4887    x$fpl$dmul          fz_wm.l(dmul.o)
    0x08006b74   0x08006b74   0x0000009c   Code   RO         4913    x$fpl$dnaninf       fz_wm.l(dnaninf.o)
    0x08006c10   0x08006c10   0x0000000c   Code   RO         4915    x$fpl$dretinf       fz_wm.l(dretinf.o)
    0x08006c1c   0x08006c1c   0x0000006c   Code   RO         5083    x$fpl$drleqf        fz_wm.l(drleqf.o)
    0x08006c88   0x08006c88   0x000001d4   Code   RO         4869    x$fpl$dsub          fz_wm.l(daddsub_clz.o)
    0x08006e5c   0x08006e5c   0x00000056   Code   RO         4889    x$fpl$f2d           fz_wm.l(f2d.o)
    0x08006eb2   0x08006eb2   0x0000008c   Code   RO         4917    x$fpl$fnaninf       fz_wm.l(fnaninf.o)
    0x08006f3e   0x08006f3e   0x0000000a   Code   RO         5112    x$fpl$fpinit        fz_wm.l(fpinit.o)
    0x08006f48   0x08006f48   0x0000000a   Code   RO         5114    x$fpl$fretinf       fz_wm.l(fretinf.o)
    0x08006f52   0x08006f52   0x00000006   Code   RO         4989    x$fpl$ieeestatus    fz_wm.l(istatus.o)
    0x08006f58   0x08006f58   0x00000004   Code   RO         4891    x$fpl$printf1       fz_wm.l(printf1.o)
    0x08006f5c   0x08006f5c   0x00000064   Code   RO         5220    x$fpl$retnan        fz_wm.l(retnan.o)
    0x08006fc0   0x08006fc0   0x0000005c   Code   RO         5149    x$fpl$scalbn        fz_wm.l(scalbn.o)
    0x0800701c   0x0800701c   0x00000004   Code   RO         4893    x$fpl$scanf1        fz_wm.l(scanf1.o)
    0x08007020   0x08007020   0x00000008   Code   RO         4991    x$fpl$scanf2        fz_wm.l(scanf2.o)
    0x08007028   0x08007028   0x00000030   Code   RO         5222    x$fpl$trapveneer    fz_wm.l(trapv.o)
    0x08007058   0x08007058   0x00000000   Code   RO         4919    x$fpl$usenofp       fz_wm.l(usenofp.o)
    0x08007058   0x08007058   0x0000003e   Data   RO           25    .constdata          main.o
    0x08007096   0x08007096   0x00000010   Data   RO         4425    .constdata          system_stm32f4xx.o
    0x080070a6   0x080070a6   0x00000008   Data   RO         4426    .constdata          system_stm32f4xx.o
    0x080070ae   0x080070ae   0x00001e10   Data   RO         4513    .constdata          oled.o
    0x08008ebe   0x08008ebe   0x00000002   PAD
    0x08008ec0   0x08008ec0   0x00000094   Data   RO         4958    .constdata          c_w.l(bigflt0.o)
    0x08008f54   0x08008f54   0x00000020   Data   RO         5224    Region$$Table       anon$$obj.o
    0x08008f74   0x08008f74   0x00000008   Data   RO         4985    c$$dinf             fz_wm.l(fpconst.o)
    0x08008f7c   0x08008f7c   0x00000008   Data   RO         4988    c$$dmax             fz_wm.l(fpconst.o)
    0x08008f84   0x08008f84   0x0000001c   Data   RO         4982    locale$$data        c_w.l(lc_numeric_c.o)
    0x08008fa0   0x08008fa0   0x00000110   Data   RO         5099    locale$$data        c_w.l(lc_ctype_c.o)


    Execution Region RW_IRAM1 (Exec base: 0x20000000, Load base: 0x080090b0, Size: 0x00000db0, Max: 0x0001c000, ABSOLUTE)

    Exec Addr    Load Addr    Size         Type   Attr      Idx    E Section Name        Object

    0x20000000   0x080090b0   0x00000094   Data   RW           26    .data               main.o
    0x20000094   0x08009144   0x0000000c   Data   RW         1894    .data               stm32f4xx_hal.o
    0x200000a0   0x08009150   0x00000004   Data   RW         4427    .data               system_stm32f4xx.o
    0x200000a4        -       0x00000034   Zero   RW           23    .bss                main.o
    0x200000d8        -       0x00000048   Zero   RW          303    .bss                adc.o
    0x20000120        -       0x00000014   Zero   RW          345    .bss                dac.o
    0x20000134        -       0x00000020   Zero   RW          387    .bss                rtc.o
    0x20000154        -       0x00000058   Zero   RW          432    .bss                spi.o
    0x200001ac        -       0x000000d8   Zero   RW          479    .bss                tim.o
    0x20000284        -       0x00000048   Zero   RW          546    .bss                usart.o
    0x200002cc        -       0x00000480   Zero   RW         4512    .bss                oled.o
    0x2000074c        -       0x00000060   Zero   RW         5008    .bss                c_w.l(libspace.o)
    0x200007ac   0x08009154   0x00000004   PAD
    0x200007b0        -       0x00000200   Zero   RW            2    HEAP                startup_stm32f407xx.o
    0x200009b0        -       0x00000400   Zero   RW            1    STACK               startup_stm32f407xx.o


    Execution Region RW_IRAM2 (Exec base: 0x2001c000, Load base: 0x08009154, Size: 0x00000000, Max: 0x00004000, ABSOLUTE)

    **** No section assigned to this execution region ****


==============================================================================

Image component sizes


      Code (inc. data)   RO Data    RW Data    ZI Data      Debug   Object Name

       192         24          0          0         72       1741   adc.o
        72          8          0          0          0        990   daad.o
       188         22          0          0         20       1731   dac.o
      1548        144          0          0          0       4952   dig.o
       104          8          0          0          0       1793   encoder.o
       308         20          0          0          0       1115   gpio.o
      1384        138         62        148         52     749467   main.o
       930         48       7696          0       1152       7622   oled.o
         8          0          0          0          0       1036   pwmoutput.o
       200         16          0          0         32       1819   rtc.o
       216         26          0          0         88       1781   spi.o
        64         26        392          0       1536        852   startup_stm32f407xx.o
       180         28          0         12          0       9485   stm32f4xx_hal.o
       712         28          0          0          0       2915   stm32f4xx_hal_adc.o
       198         14          0          0          0      33879   stm32f4xx_hal_cortex.o
       356          0          0          0          0       5020   stm32f4xx_hal_dac.o
         2          0          0          0          0        979   stm32f4xx_hal_dac_ex.o
       182          0          0          0          0       2127   stm32f4xx_hal_dma.o
       516         46          0          0          0       2895   stm32f4xx_hal_gpio.o
        48          6          0          0          0        878   stm32f4xx_hal_msp.o
      1348         76          0          0          0       5300   stm32f4xx_hal_rcc.o
       316         20          0          0          0       1408   stm32f4xx_hal_rcc_ex.o
       692         24          0          0          0       6201   stm32f4xx_hal_rtc.o
       210          0          0          0          0       1487   stm32f4xx_hal_rtc_ex.o
       838         14          0          0          0       4630   stm32f4xx_hal_spi.o
      1956        140          0          0          0      16446   stm32f4xx_hal_tim.o
       148         28          0          0          0       2529   stm32f4xx_hal_tim_ex.o
      1642         16          0          0          0      11564   stm32f4xx_hal_uart.o
        60         16          0          0          0       5264   stm32f4xx_it.o
        16          4         24          4          0       1159   system_stm32f4xx.o
       732        112          0          0          0       4901   systemdisplay.o
       552         68          0          0        216       4374   tim.o
       180         22          0          0         72       1762   usart.o

    ----------------------------------------------------------------------
     16128       1142       8208        164       3240     900102   Object Totals
         0          0         32          0          0          0   (incl. Generated)
        30          0          2          0          0          0   (incl. Padding)

    ----------------------------------------------------------------------

      Code (inc. data)   RO Data    RW Data    ZI Data      Debug   Library Member Name

        60          8          0          0          0         84   __0sscanf.o
        44          6          0          0          0         84   __2sprintf.o
         8          0          0          0          0         68   __main.o
       104          0          0          0          0         84   __printf.o
        14          0          0          0          0         68   __printf_wp.o
         0          0          0          0          0          0   __rtentry.o
        12          0          0          0          0          0   __rtentry2.o
         6          0          0          0          0          0   __rtentry4.o
        52          8          0          0          0          0   __scatter.o
        26          0          0          0          0          0   __scatter_copy.o
        28          0          0          0          0          0   __scatter_zi.o
        28          0          0          0          0         68   _chval.o
        48          6          0          0          0         96   _printf_char_common.o
         6          0          0          0          0          0   _printf_f.o
      1054          0          0          0          0        216   _printf_fp_dec.o
       128         16          0          0          0         84   _printf_fp_infnan.o
         0          0          0          0          0          0   _printf_percent.o
         4          0          0          0          0          0   _printf_percent_end.o
        22          0          0          0          0        100   _rserrno.o
       884          4          0          0          0        100   _scanf.o
        64          0          0          0          0         84   _sgetc.o
        10          0          0          0          0         68   _sputc.o
       228          4        148          0          0         96   bigflt0.o
      2152        136          0          0          0        960   btod.o
        18          0          0          0          0         80   exit.o
         6          0          0          0          0        152   heapauxi.o
         0          0          0          0          0          0   indicate_semi.o
        18          0          0          0          0         76   isspace.o
        44         10        272          0          0         76   lc_ctype_c.o
        44         10         28          0          0         76   lc_numeric_c.o
         2          0          0          0          0          0   libinit.o
        34          0          0          0          0          0   libinit2.o
         2          0          0          0          0          0   libshutdown.o
         2          0          0          0          0          0   libshutdown2.o
         8          4          0          0         96         68   libspace.o
        38          0          0          0          0         68   llshl.o
       138          0          0          0          0         80   lludiv10.o
       238          0          0          0          0        100   lludivv7m.o
        16          4          0          0          0         76   rt_ctype_table.o
         8          4          0          0          0         68   rt_errno_addr_intlibspace.o
         8          4          0          0          0         68   rt_locale_intlibspace.o
        78          0          0          0          0         80   rt_memclr_w.o
         2          0          0          0          0          0   rtexit.o
        10          0          0          0          0          0   rtexit2.o
        44          8          0          0          0         84   scanf_char.o
      1272         16          0          0          0        168   scanf_fp.o
       800         14          0          0          0        100   scanf_hexfp.o
       308         16          0          0          0        100   scanf_infnan.o
       128          0          0          0          0         68   strcmpv7m.o
        12          4          0          0          0         68   sys_exit.o
        74          0          0          0          0         80   sys_stackheap_outer.o
         2          0          0          0          0         68   use_no_semi.o
        98          4          0          0          0        140   d2f.o
       804         16          0          0          0        368   daddsub_clz.o
        16          4          0          0          0        116   dcheck1.o
        24          0          0          0          0        116   dcmpi.o
       688        140          0          0          0        256   ddiv.o
       120          4          0          0          0        140   deqf.o
        94          4          0          0          0        140   dfix.o
        46          0          0          0          0        116   dflt_clz.o
       120          4          0          0          0        140   dleqf.o
       340         12          0          0          0        152   dmul.o
       156          4          0          0          0        140   dnaninf.o
        12          0          0          0          0        116   dretinf.o
       108          0          0          0          0        128   drleqf.o
        86          4          0          0          0        132   f2d.o
       140          4          0          0          0        132   fnaninf.o
         0          0         16          0          0          0   fpconst.o
        10          0          0          0          0        116   fpinit.o
        10          0          0          0          0        116   fretinf.o
         6          0          0          0          0        116   istatus.o
         4          0          0          0          0        116   printf1.o
       100          0          0          0          0        116   retnan.o
        92          0          0          0          0        116   scalbn.o
         4          0          0          0          0        116   scanf1.o
         8          0          0          0          0        132   scanf2.o
        48          0          0          0          0        116   trapv.o
         0          0          0          0          0          0   usenofp.o
        64         16          0          0          0        248   dunder.o
        48          0          0          0          0        124   fpclassify.o
       140         22          0          0          0        132   frexp.o
       228          8          0          0          0        308   ldexp.o
       266         16          0          0          0        308   narrow.o

    ----------------------------------------------------------------------
     12240        546        464          0        100       8576   Library Totals
        24          2          0          0          4          0   (incl. Padding)

    ----------------------------------------------------------------------

      Code (inc. data)   RO Data    RW Data    ZI Data      Debug   Library Name

      8336        282        448          0         96       4064   c_w.l
      3134        200         16          0          0       3392   fz_wm.l
       746         62          0          0          0       1120   m_wm.l

    ----------------------------------------------------------------------
     12240        546        464          0        100       8576   Library Totals

    ----------------------------------------------------------------------

==============================================================================


      Code (inc. data)   RO Data    RW Data    ZI Data      Debug   

     28368       1688       8672        164       3340     889442   Grand Totals
     28368       1688       8672        164       3340     889442   ELF Image Totals
     28368       1688       8672        164          0          0   ROM Totals

==============================================================================

    Total RO  Size (Code + RO Data)                37040 (  36.17kB)
    Total RW  Size (RW Data + ZI Data)              3504 (   3.42kB)
    Total ROM Size (Code + RO Data + RW Data)      37204 (  36.33kB)

==============================================================================

